/home/nestorid/Downloads/en.fp-atr-lora1/STM32CubeFunctionPack_LORA1_V2.2.0/Middlewares/ST/STM32_GNSS/LibNMEA/Src/NMEA_parser.c:449:13:scan_timestamp_time.constprop	12	static
/home/nestorid/Downloads/en.fp-atr-lora1/STM32CubeFunctionPack_LORA1_V2.2.0/Middlewares/ST/STM32_GNSS/LibNMEA/Src/NMEA_parser.c:460:13:scan_timestamp_date.constprop	20	static
/home/nestorid/Downloads/en.fp-atr-lora1/STM32CubeFunctionPack_LORA1_V2.2.0/Middlewares/ST/STM32_GNSS/LibNMEA/Src/NMEA_parser.c:481:6:checkMaxApp	32	static
/home/nestorid/Downloads/en.fp-atr-lora1/STM32CubeFunctionPack_LORA1_V2.2.0/Middlewares/ST/STM32_GNSS/LibNMEA/Src/NMEA_parser.c:502:15:NMEA_ParseGPGGA	32	static
/home/nestorid/Downloads/en.fp-atr-lora1/STM32CubeFunctionPack_LORA1_V2.2.0/Middlewares/ST/STM32_GNSS/LibNMEA/Src/NMEA_parser.c:575:15:NMEA_ParseGNS	48	static
/home/nestorid/Downloads/en.fp-atr-lora1/STM32CubeFunctionPack_LORA1_V2.2.0/Middlewares/ST/STM32_GNSS/LibNMEA/Src/NMEA_parser.c:642:15:NMEA_ParseGPGST	32	static
/home/nestorid/Downloads/en.fp-atr-lora1/STM32CubeFunctionPack_LORA1_V2.2.0/Middlewares/ST/STM32_GNSS/LibNMEA/Src/NMEA_parser.c:704:15:NMEA_ParseGPRMC	32	static
/home/nestorid/Downloads/en.fp-atr-lora1/STM32CubeFunctionPack_LORA1_V2.2.0/Middlewares/ST/STM32_GNSS/LibNMEA/Src/NMEA_parser.c:771:15:NMEA_ParseGSA	48	static
/home/nestorid/Downloads/en.fp-atr-lora1/STM32CubeFunctionPack_LORA1_V2.2.0/Middlewares/ST/STM32_GNSS/LibNMEA/Src/NMEA_parser.c:839:15:NMEA_ParseGSV	40	static
/home/nestorid/Downloads/en.fp-atr-lora1/STM32CubeFunctionPack_LORA1_V2.2.0/Middlewares/ST/STM32_GNSS/LibNMEA/Src/NMEA_parser.c:916:15:NMEA_ParsePSTMVER	32	static
/home/nestorid/Downloads/en.fp-atr-lora1/STM32CubeFunctionPack_LORA1_V2.2.0/Middlewares/ST/STM32_GNSS/LibNMEA/Src/NMEA_parser.c:970:15:NMEA_ParsePSTMGeofence	56	static
/home/nestorid/Downloads/en.fp-atr-lora1/STM32CubeFunctionPack_LORA1_V2.2.0/Middlewares/ST/STM32_GNSS/LibNMEA/Src/NMEA_parser.c:1074:15:NMEA_ParsePSTMOdo	56	static
/home/nestorid/Downloads/en.fp-atr-lora1/STM32CubeFunctionPack_LORA1_V2.2.0/Middlewares/ST/STM32_GNSS/LibNMEA/Src/NMEA_parser.c:1163:15:NMEA_ParsePSTMDatalog	56	static
/home/nestorid/Downloads/en.fp-atr-lora1/STM32CubeFunctionPack_LORA1_V2.2.0/Middlewares/ST/STM32_GNSS/LibNMEA/Src/NMEA_parser.c:1270:15:NMEA_ParsePSTMsgl	48	static
/home/nestorid/Downloads/en.fp-atr-lora1/STM32CubeFunctionPack_LORA1_V2.2.0/Middlewares/ST/STM32_GNSS/LibNMEA/Src/NMEA_parser.c:1333:15:NMEA_ParsePSTMSavePar	48	static
/home/nestorid/Downloads/en.fp-atr-lora1/STM32CubeFunctionPack_LORA1_V2.2.0/Middlewares/ST/STM32_GNSS/LibNMEA/Src/NMEA_parser.c:1394:15:NMEA_ParsePSTMPASSRTN	40	static
/home/nestorid/Downloads/en.fp-atr-lora1/STM32CubeFunctionPack_LORA1_V2.2.0/Middlewares/ST/STM32_GNSS/LibNMEA/Src/NMEA_parser.c:1457:15:NMEA_ParsePSTMAGPSSTATUS	40	static
/home/nestorid/Downloads/en.fp-atr-lora1/STM32CubeFunctionPack_LORA1_V2.2.0/Middlewares/ST/STM32_GNSS/LibNMEA/Src/NMEA_parser.c:1511:6:NMEA_Copy_Data	8	static
/home/nestorid/Downloads/en.fp-atr-lora1/STM32CubeFunctionPack_LORA1_V2.2.0/Middlewares/ST/STM32_GNSS/LibNMEA/Src/NMEA_parser.c:1537:10:char2int	0	static
