/home/nestorid/Downloads/en.fp-atr-lora1/STM32CubeFunctionPack_LORA1_V2.2.0/Middlewares/Third_Party/LoRaWAN/Mac/LoRaMacCrypto.c:931:13:DummyCB	0	static
/home/nestorid/Downloads/en.fp-atr-lora1/STM32CubeFunctionPack_LORA1_V2.2.0/Middlewares/Third_Party/LoRaWAN/Mac/LoRaMacCrypto.c:270:30:PayloadEncrypt	72	static
/home/nestorid/Downloads/en.fp-atr-lora1/STM32CubeFunctionPack_LORA1_V2.2.0/Middlewares/Third_Party/LoRaWAN/Mac/LoRaMacCrypto.c:671:30:DeriveSessionKey10x	40	static
/home/nestorid/Downloads/en.fp-atr-lora1/STM32CubeFunctionPack_LORA1_V2.2.0/Middlewares/Third_Party/LoRaWAN/Mac/LoRaMacCrypto.c:804:30:GetLastFcntDown.constprop	0	static
/home/nestorid/Downloads/en.fp-atr-lora1/STM32CubeFunctionPack_LORA1_V2.2.0/Middlewares/Third_Party/LoRaWAN/Mac/LoRaMacCrypto.c:510:30:VerifyCmacB0.constprop	296	static
/home/nestorid/Downloads/en.fp-atr-lora1/STM32CubeFunctionPack_LORA1_V2.2.0/Middlewares/Third_Party/LoRaWAN/Mac/LoRaMacCrypto.c:940:23:LoRaMacCryptoInit	8	static
/home/nestorid/Downloads/en.fp-atr-lora1/STM32CubeFunctionPack_LORA1_V2.2.0/Middlewares/Third_Party/LoRaWAN/Mac/LoRaMacCrypto.c:970:23:LoRaMacCryptoSetLrWanVersion	0	static
/home/nestorid/Downloads/en.fp-atr-lora1/STM32CubeFunctionPack_LORA1_V2.2.0/Middlewares/Third_Party/LoRaWAN/Mac/LoRaMacCrypto.c:976:23:LoRaMacCryptoRestoreNvmCtx	8	static
/home/nestorid/Downloads/en.fp-atr-lora1/STM32CubeFunctionPack_LORA1_V2.2.0/Middlewares/Third_Party/LoRaWAN/Mac/LoRaMacCrypto.c:990:7:LoRaMacCryptoGetNvmCtx	0	static
/home/nestorid/Downloads/en.fp-atr-lora1/STM32CubeFunctionPack_LORA1_V2.2.0/Middlewares/Third_Party/LoRaWAN/Mac/LoRaMacCrypto.c:996:23:LoRaMacCryptoGetFCntUp	0	static
/home/nestorid/Downloads/en.fp-atr-lora1/STM32CubeFunctionPack_LORA1_V2.2.0/Middlewares/Third_Party/LoRaWAN/Mac/LoRaMacCrypto.c:1008:23:LoRaMacCryptoGetFCntDown	32	static
/home/nestorid/Downloads/en.fp-atr-lora1/STM32CubeFunctionPack_LORA1_V2.2.0/Middlewares/Third_Party/LoRaWAN/Mac/LoRaMacCrypto.c:1063:23:LoRaMacCryptoSetMulticastReference	0	static
/home/nestorid/Downloads/en.fp-atr-lora1/STM32CubeFunctionPack_LORA1_V2.2.0/Middlewares/Third_Party/LoRaWAN/Mac/LoRaMacCrypto.c:1099:23:LoRaMacCryptoPrepareJoinRequest	32	static
/home/nestorid/Downloads/en.fp-atr-lora1/STM32CubeFunctionPack_LORA1_V2.2.0/Middlewares/Third_Party/LoRaWAN/Mac/LoRaMacCrypto.c:1151:23:LoRaMacCryptoPrepareReJoinType1	24	static
/home/nestorid/Downloads/en.fp-atr-lora1/STM32CubeFunctionPack_LORA1_V2.2.0/Middlewares/Third_Party/LoRaWAN/Mac/LoRaMacCrypto.c:1190:23:LoRaMacCryptoPrepareReJoinType0or2	24	static
/home/nestorid/Downloads/en.fp-atr-lora1/STM32CubeFunctionPack_LORA1_V2.2.0/Middlewares/Third_Party/LoRaWAN/Mac/LoRaMacCrypto.c:1436:23:LoRaMacCryptoSecureMessage	56	static
/home/nestorid/Downloads/en.fp-atr-lora1/STM32CubeFunctionPack_LORA1_V2.2.0/Middlewares/Third_Party/LoRaWAN/Mac/LoRaMacCrypto.c:1530:23:LoRaMacCryptoUnsecureMessage	64	static
/home/nestorid/Downloads/en.fp-atr-lora1/STM32CubeFunctionPack_LORA1_V2.2.0/Middlewares/Third_Party/LoRaWAN/Mac/LoRaMacCrypto.c:1613:23:LoRaMacCryptoDeriveMcRootKey	32	static
/home/nestorid/Downloads/en.fp-atr-lora1/STM32CubeFunctionPack_LORA1_V2.2.0/Middlewares/Third_Party/LoRaWAN/Mac/LoRaMacCrypto.c:1078:23:LoRaMacCryptoSetKey	32	static
/home/nestorid/Downloads/en.fp-atr-lora1/STM32CubeFunctionPack_LORA1_V2.2.0/Middlewares/Third_Party/LoRaWAN/Mac/LoRaMacCrypto.c:1228:23:LoRaMacCryptoHandleJoinAccept	320	static
/home/nestorid/Downloads/en.fp-atr-lora1/STM32CubeFunctionPack_LORA1_V2.2.0/Middlewares/Third_Party/LoRaWAN/Mac/LoRaMacCrypto.c:1635:23:LoRaMacCryptoDeriveMcKEKey	24	static
/home/nestorid/Downloads/en.fp-atr-lora1/STM32CubeFunctionPack_LORA1_V2.2.0/Middlewares/Third_Party/LoRaWAN/Mac/LoRaMacCrypto.c:1652:23:LoRaMacCryptoDeriveMcSessionKeyPair	56	static
