/home/nestorid/Downloads/en.fp-atr-lora1/STM32CubeFunctionPack_LORA1_V2.2.0/Middlewares/Third_Party/LoRaWAN/Mac/LoRaMacConfirmQueue.c:134:6:LoRaMacConfirmQueueInit	16	static
/home/nestorid/Downloads/en.fp-atr-lora1/STM32CubeFunctionPack_LORA1_V2.2.0/Middlewares/Third_Party/LoRaWAN/Mac/LoRaMacConfirmQueue.c:157:6:LoRaMacConfirmQueueRestoreNvmCtx	8	static
/home/nestorid/Downloads/en.fp-atr-lora1/STM32CubeFunctionPack_LORA1_V2.2.0/Middlewares/Third_Party/LoRaWAN/Mac/LoRaMacConfirmQueue.c:171:7:LoRaMacConfirmQueueGetNvmCtx	0	static
/home/nestorid/Downloads/en.fp-atr-lora1/STM32CubeFunctionPack_LORA1_V2.2.0/Middlewares/Third_Party/LoRaWAN/Mac/LoRaMacConfirmQueue.c:177:6:LoRaMacConfirmQueueAdd	12	static
/home/nestorid/Downloads/en.fp-atr-lora1/STM32CubeFunctionPack_LORA1_V2.2.0/Middlewares/Third_Party/LoRaWAN/Mac/LoRaMacConfirmQueue.c:198:6:LoRaMacConfirmQueueRemoveLast	0	static
/home/nestorid/Downloads/en.fp-atr-lora1/STM32CubeFunctionPack_LORA1_V2.2.0/Middlewares/Third_Party/LoRaWAN/Mac/LoRaMacConfirmQueue.c:213:6:LoRaMacConfirmQueueRemoveFirst	8	static
/home/nestorid/Downloads/en.fp-atr-lora1/STM32CubeFunctionPack_LORA1_V2.2.0/Middlewares/Third_Party/LoRaWAN/Mac/LoRaMacConfirmQueue.c:228:6:LoRaMacConfirmQueueSetStatus	16	static
/home/nestorid/Downloads/en.fp-atr-lora1/STM32CubeFunctionPack_LORA1_V2.2.0/Middlewares/Third_Party/LoRaWAN/Mac/LoRaMacConfirmQueue.c:243:26:LoRaMacConfirmQueueGetStatus	12	static
/home/nestorid/Downloads/en.fp-atr-lora1/STM32CubeFunctionPack_LORA1_V2.2.0/Middlewares/Third_Party/LoRaWAN/Mac/LoRaMacConfirmQueue.c:258:6:LoRaMacConfirmQueueSetStatusCmn	16	static
/home/nestorid/Downloads/en.fp-atr-lora1/STM32CubeFunctionPack_LORA1_V2.2.0/Middlewares/Third_Party/LoRaWAN/Mac/LoRaMacConfirmQueue.c:280:26:LoRaMacConfirmQueueGetStatusCmn	0	static
/home/nestorid/Downloads/en.fp-atr-lora1/STM32CubeFunctionPack_LORA1_V2.2.0/Middlewares/Third_Party/LoRaWAN/Mac/LoRaMacConfirmQueue.c:285:6:LoRaMacConfirmQueueIsCmdActive	12	static
/home/nestorid/Downloads/en.fp-atr-lora1/STM32CubeFunctionPack_LORA1_V2.2.0/Middlewares/Third_Party/LoRaWAN/Mac/LoRaMacConfirmQueue.c:294:6:LoRaMacConfirmQueueHandleCb	40	static
/home/nestorid/Downloads/en.fp-atr-lora1/STM32CubeFunctionPack_LORA1_V2.2.0/Middlewares/Third_Party/LoRaWAN/Mac/LoRaMacConfirmQueue.c:329:9:LoRaMacConfirmQueueGetCnt	0	static
/home/nestorid/Downloads/en.fp-atr-lora1/STM32CubeFunctionPack_LORA1_V2.2.0/Middlewares/Third_Party/LoRaWAN/Mac/LoRaMacConfirmQueue.c:334:6:LoRaMacConfirmQueueIsFull	0	static
