/home/nestorid/Downloads/en.fp-atr-lora1/STM32CubeFunctionPack_LORA1_V2.2.0/Drivers/BSP/Components/lis2dw12/lis2dw12_reg.c:61:9:lis2dw12_read_reg	8	static
/home/nestorid/Downloads/en.fp-atr-lora1/STM32CubeFunctionPack_LORA1_V2.2.0/Drivers/BSP/Components/lis2dw12/lis2dw12_reg.c:76:9:lis2dw12_write_reg	8	static
/home/nestorid/Downloads/en.fp-atr-lora1/STM32CubeFunctionPack_LORA1_V2.2.0/Drivers/BSP/Components/lis2dw12/lis2dw12_reg.c:100:9:lis2dw12_power_mode_set	32	static
/home/nestorid/Downloads/en.fp-atr-lora1/STM32CubeFunctionPack_LORA1_V2.2.0/Drivers/BSP/Components/lis2dw12/lis2dw12_reg.c:125:9:lis2dw12_power_mode_get	24	static
/home/nestorid/Downloads/en.fp-atr-lora1/STM32CubeFunctionPack_LORA1_V2.2.0/Drivers/BSP/Components/lis2dw12/lis2dw12_reg.c:145:9:lis2dw12_data_rate_set	32	static
/home/nestorid/Downloads/en.fp-atr-lora1/STM32CubeFunctionPack_LORA1_V2.2.0/Drivers/BSP/Components/lis2dw12/lis2dw12_reg.c:168:9:lis2dw12_data_rate_get	24	static
/home/nestorid/Downloads/en.fp-atr-lora1/STM32CubeFunctionPack_LORA1_V2.2.0/Drivers/BSP/Components/lis2dw12/lis2dw12_reg.c:187:9:lis2dw12_block_data_update_set	24	static
/home/nestorid/Downloads/en.fp-atr-lora1/STM32CubeFunctionPack_LORA1_V2.2.0/Drivers/BSP/Components/lis2dw12/lis2dw12_reg.c:206:9:lis2dw12_block_data_update_get	24	static
/home/nestorid/Downloads/en.fp-atr-lora1/STM32CubeFunctionPack_LORA1_V2.2.0/Drivers/BSP/Components/lis2dw12/lis2dw12_reg.c:224:9:lis2dw12_full_scale_set	24	static
/home/nestorid/Downloads/en.fp-atr-lora1/STM32CubeFunctionPack_LORA1_V2.2.0/Drivers/BSP/Components/lis2dw12/lis2dw12_reg.c:243:9:lis2dw12_full_scale_get	24	static
/home/nestorid/Downloads/en.fp-atr-lora1/STM32CubeFunctionPack_LORA1_V2.2.0/Drivers/BSP/Components/lis2dw12/lis2dw12_reg.c:261:9:lis2dw12_status_reg_get	8	static
/home/nestorid/Downloads/en.fp-atr-lora1/STM32CubeFunctionPack_LORA1_V2.2.0/Drivers/BSP/Components/lis2dw12/lis2dw12_reg.c:272:9:lis2dw12_flag_data_ready_get	24	static
/home/nestorid/Downloads/en.fp-atr-lora1/STM32CubeFunctionPack_LORA1_V2.2.0/Drivers/BSP/Components/lis2dw12/lis2dw12_reg.c:291:9:lis2dw12_all_sources_get	8	static
/home/nestorid/Downloads/en.fp-atr-lora1/STM32CubeFunctionPack_LORA1_V2.2.0/Drivers/BSP/Components/lis2dw12/lis2dw12_reg.c:306:9:lis2dw12_usr_offset_x_set	8	static
/home/nestorid/Downloads/en.fp-atr-lora1/STM32CubeFunctionPack_LORA1_V2.2.0/Drivers/BSP/Components/lis2dw12/lis2dw12_reg.c:321:9:lis2dw12_usr_offset_x_get	8	static
/home/nestorid/Downloads/en.fp-atr-lora1/STM32CubeFunctionPack_LORA1_V2.2.0/Drivers/BSP/Components/lis2dw12/lis2dw12_reg.c:335:9:lis2dw12_usr_offset_y_set	8	static
/home/nestorid/Downloads/en.fp-atr-lora1/STM32CubeFunctionPack_LORA1_V2.2.0/Drivers/BSP/Components/lis2dw12/lis2dw12_reg.c:350:9:lis2dw12_usr_offset_y_get	8	static
/home/nestorid/Downloads/en.fp-atr-lora1/STM32CubeFunctionPack_LORA1_V2.2.0/Drivers/BSP/Components/lis2dw12/lis2dw12_reg.c:364:9:lis2dw12_usr_offset_z_set	8	static
/home/nestorid/Downloads/en.fp-atr-lora1/STM32CubeFunctionPack_LORA1_V2.2.0/Drivers/BSP/Components/lis2dw12/lis2dw12_reg.c:379:9:lis2dw12_usr_offset_z_get	8	static
/home/nestorid/Downloads/en.fp-atr-lora1/STM32CubeFunctionPack_LORA1_V2.2.0/Drivers/BSP/Components/lis2dw12/lis2dw12_reg.c:392:9:lis2dw12_offset_weight_set	24	static
/home/nestorid/Downloads/en.fp-atr-lora1/STM32CubeFunctionPack_LORA1_V2.2.0/Drivers/BSP/Components/lis2dw12/lis2dw12_reg.c:413:9:lis2dw12_offset_weight_get	24	static
/home/nestorid/Downloads/en.fp-atr-lora1/STM32CubeFunctionPack_LORA1_V2.2.0/Drivers/BSP/Components/lis2dw12/lis2dw12_reg.c:444:9:lis2dw12_temperature_raw_get	8	static
/home/nestorid/Downloads/en.fp-atr-lora1/STM32CubeFunctionPack_LORA1_V2.2.0/Drivers/BSP/Components/lis2dw12/lis2dw12_reg.c:458:9:lis2dw12_acceleration_raw_get	8	static
/home/nestorid/Downloads/en.fp-atr-lora1/STM32CubeFunctionPack_LORA1_V2.2.0/Drivers/BSP/Components/lis2dw12/lis2dw12_reg.c:480:9:lis2dw12_device_id_get	8	static
/home/nestorid/Downloads/en.fp-atr-lora1/STM32CubeFunctionPack_LORA1_V2.2.0/Drivers/BSP/Components/lis2dw12/lis2dw12_reg.c:494:9:lis2dw12_auto_increment_set	24	static
/home/nestorid/Downloads/en.fp-atr-lora1/STM32CubeFunctionPack_LORA1_V2.2.0/Drivers/BSP/Components/lis2dw12/lis2dw12_reg.c:515:9:lis2dw12_auto_increment_get	24	static
/home/nestorid/Downloads/en.fp-atr-lora1/STM32CubeFunctionPack_LORA1_V2.2.0/Drivers/BSP/Components/lis2dw12/lis2dw12_reg.c:534:9:lis2dw12_reset_set	24	static
/home/nestorid/Downloads/en.fp-atr-lora1/STM32CubeFunctionPack_LORA1_V2.2.0/Drivers/BSP/Components/lis2dw12/lis2dw12_reg.c:554:9:lis2dw12_reset_get	24	static
/home/nestorid/Downloads/en.fp-atr-lora1/STM32CubeFunctionPack_LORA1_V2.2.0/Drivers/BSP/Components/lis2dw12/lis2dw12_reg.c:573:9:lis2dw12_boot_set	24	static
/home/nestorid/Downloads/en.fp-atr-lora1/STM32CubeFunctionPack_LORA1_V2.2.0/Drivers/BSP/Components/lis2dw12/lis2dw12_reg.c:593:9:lis2dw12_boot_get	24	static
/home/nestorid/Downloads/en.fp-atr-lora1/STM32CubeFunctionPack_LORA1_V2.2.0/Drivers/BSP/Components/lis2dw12/lis2dw12_reg.c:611:9:lis2dw12_self_test_set	24	static
/home/nestorid/Downloads/en.fp-atr-lora1/STM32CubeFunctionPack_LORA1_V2.2.0/Drivers/BSP/Components/lis2dw12/lis2dw12_reg.c:630:9:lis2dw12_self_test_get	24	static
/home/nestorid/Downloads/en.fp-atr-lora1/STM32CubeFunctionPack_LORA1_V2.2.0/Drivers/BSP/Components/lis2dw12/lis2dw12_reg.c:649:9:lis2dw12_data_ready_mode_set	24	static
/home/nestorid/Downloads/en.fp-atr-lora1/STM32CubeFunctionPack_LORA1_V2.2.0/Drivers/BSP/Components/lis2dw12/lis2dw12_reg.c:670:9:lis2dw12_data_ready_mode_get	24	static
/home/nestorid/Downloads/en.fp-atr-lora1/STM32CubeFunctionPack_LORA1_V2.2.0/Drivers/BSP/Components/lis2dw12/lis2dw12_reg.c:700:9:lis2dw12_filter_path_set	32	static
/home/nestorid/Downloads/en.fp-atr-lora1/STM32CubeFunctionPack_LORA1_V2.2.0/Drivers/BSP/Components/lis2dw12/lis2dw12_reg.c:723:9:lis2dw12_filter_path_get	24	static
/home/nestorid/Downloads/en.fp-atr-lora1/STM32CubeFunctionPack_LORA1_V2.2.0/Drivers/BSP/Components/lis2dw12/lis2dw12_reg.c:744:9:lis2dw12_filter_bandwidth_set	24	static
/home/nestorid/Downloads/en.fp-atr-lora1/STM32CubeFunctionPack_LORA1_V2.2.0/Drivers/BSP/Components/lis2dw12/lis2dw12_reg.c:765:9:lis2dw12_filter_bandwidth_get	24	static
/home/nestorid/Downloads/en.fp-atr-lora1/STM32CubeFunctionPack_LORA1_V2.2.0/Drivers/BSP/Components/lis2dw12/lis2dw12_reg.c:784:9:lis2dw12_reference_mode_set	24	static
/home/nestorid/Downloads/en.fp-atr-lora1/STM32CubeFunctionPack_LORA1_V2.2.0/Drivers/BSP/Components/lis2dw12/lis2dw12_reg.c:803:9:lis2dw12_reference_mode_get	24	static
/home/nestorid/Downloads/en.fp-atr-lora1/STM32CubeFunctionPack_LORA1_V2.2.0/Drivers/BSP/Components/lis2dw12/lis2dw12_reg.c:832:9:lis2dw12_spi_mode_set	24	static
/home/nestorid/Downloads/en.fp-atr-lora1/STM32CubeFunctionPack_LORA1_V2.2.0/Drivers/BSP/Components/lis2dw12/lis2dw12_reg.c:851:9:lis2dw12_spi_mode_get	24	static
/home/nestorid/Downloads/en.fp-atr-lora1/STM32CubeFunctionPack_LORA1_V2.2.0/Drivers/BSP/Components/lis2dw12/lis2dw12_reg.c:870:9:lis2dw12_i2c_interface_set	24	static
/home/nestorid/Downloads/en.fp-atr-lora1/STM32CubeFunctionPack_LORA1_V2.2.0/Drivers/BSP/Components/lis2dw12/lis2dw12_reg.c:890:9:lis2dw12_i2c_interface_get	24	static
/home/nestorid/Downloads/en.fp-atr-lora1/STM32CubeFunctionPack_LORA1_V2.2.0/Drivers/BSP/Components/lis2dw12/lis2dw12_reg.c:909:9:lis2dw12_cs_mode_set	24	static
/home/nestorid/Downloads/en.fp-atr-lora1/STM32CubeFunctionPack_LORA1_V2.2.0/Drivers/BSP/Components/lis2dw12/lis2dw12_reg.c:928:9:lis2dw12_cs_mode_get	24	static
/home/nestorid/Downloads/en.fp-atr-lora1/STM32CubeFunctionPack_LORA1_V2.2.0/Drivers/BSP/Components/lis2dw12/lis2dw12_reg.c:956:9:lis2dw12_pin_polarity_set	24	static
/home/nestorid/Downloads/en.fp-atr-lora1/STM32CubeFunctionPack_LORA1_V2.2.0/Drivers/BSP/Components/lis2dw12/lis2dw12_reg.c:976:9:lis2dw12_pin_polarity_get	24	static
/home/nestorid/Downloads/en.fp-atr-lora1/STM32CubeFunctionPack_LORA1_V2.2.0/Drivers/BSP/Components/lis2dw12/lis2dw12_reg.c:995:9:lis2dw12_int_notification_set	24	static
/home/nestorid/Downloads/en.fp-atr-lora1/STM32CubeFunctionPack_LORA1_V2.2.0/Drivers/BSP/Components/lis2dw12/lis2dw12_reg.c:1015:9:lis2dw12_int_notification_get	24	static
/home/nestorid/Downloads/en.fp-atr-lora1/STM32CubeFunctionPack_LORA1_V2.2.0/Drivers/BSP/Components/lis2dw12/lis2dw12_reg.c:1034:9:lis2dw12_pin_mode_set	24	static
/home/nestorid/Downloads/en.fp-atr-lora1/STM32CubeFunctionPack_LORA1_V2.2.0/Drivers/BSP/Components/lis2dw12/lis2dw12_reg.c:1053:9:lis2dw12_pin_mode_get	24	static
/home/nestorid/Downloads/en.fp-atr-lora1/STM32CubeFunctionPack_LORA1_V2.2.0/Drivers/BSP/Components/lis2dw12/lis2dw12_reg.c:1072:9:lis2dw12_pin_int1_route_set	24	static
/home/nestorid/Downloads/en.fp-atr-lora1/STM32CubeFunctionPack_LORA1_V2.2.0/Drivers/BSP/Components/lis2dw12/lis2dw12_reg.c:1104:9:lis2dw12_pin_int1_route_get	8	static
/home/nestorid/Downloads/en.fp-atr-lora1/STM32CubeFunctionPack_LORA1_V2.2.0/Drivers/BSP/Components/lis2dw12/lis2dw12_reg.c:1118:9:lis2dw12_pin_int2_route_set	24	static
/home/nestorid/Downloads/en.fp-atr-lora1/STM32CubeFunctionPack_LORA1_V2.2.0/Drivers/BSP/Components/lis2dw12/lis2dw12_reg.c:1149:9:lis2dw12_pin_int2_route_get	8	static
/home/nestorid/Downloads/en.fp-atr-lora1/STM32CubeFunctionPack_LORA1_V2.2.0/Drivers/BSP/Components/lis2dw12/lis2dw12_reg.c:1163:9:lis2dw12_all_on_int1_set	24	static
/home/nestorid/Downloads/en.fp-atr-lora1/STM32CubeFunctionPack_LORA1_V2.2.0/Drivers/BSP/Components/lis2dw12/lis2dw12_reg.c:1183:9:lis2dw12_all_on_int1_get	24	static
/home/nestorid/Downloads/en.fp-atr-lora1/STM32CubeFunctionPack_LORA1_V2.2.0/Drivers/BSP/Components/lis2dw12/lis2dw12_reg.c:1212:9:lis2dw12_wkup_threshold_set	24	static
/home/nestorid/Downloads/en.fp-atr-lora1/STM32CubeFunctionPack_LORA1_V2.2.0/Drivers/BSP/Components/lis2dw12/lis2dw12_reg.c:1231:9:lis2dw12_wkup_threshold_get	24	static
/home/nestorid/Downloads/en.fp-atr-lora1/STM32CubeFunctionPack_LORA1_V2.2.0/Drivers/BSP/Components/lis2dw12/lis2dw12_reg.c:1249:9:lis2dw12_wkup_dur_set	24	static
/home/nestorid/Downloads/en.fp-atr-lora1/STM32CubeFunctionPack_LORA1_V2.2.0/Drivers/BSP/Components/lis2dw12/lis2dw12_reg.c:1268:9:lis2dw12_wkup_dur_get	24	static
/home/nestorid/Downloads/en.fp-atr-lora1/STM32CubeFunctionPack_LORA1_V2.2.0/Drivers/BSP/Components/lis2dw12/lis2dw12_reg.c:1287:9:lis2dw12_wkup_feed_data_set	24	static
/home/nestorid/Downloads/en.fp-atr-lora1/STM32CubeFunctionPack_LORA1_V2.2.0/Drivers/BSP/Components/lis2dw12/lis2dw12_reg.c:1308:9:lis2dw12_wkup_feed_data_get	24	static
/home/nestorid/Downloads/en.fp-atr-lora1/STM32CubeFunctionPack_LORA1_V2.2.0/Drivers/BSP/Components/lis2dw12/lis2dw12_reg.c:1340:9:lis2dw12_act_mode_set	32	static
/home/nestorid/Downloads/en.fp-atr-lora1/STM32CubeFunctionPack_LORA1_V2.2.0/Drivers/BSP/Components/lis2dw12/lis2dw12_reg.c:1361:9:lis2dw12_act_mode_get	24	static
/home/nestorid/Downloads/en.fp-atr-lora1/STM32CubeFunctionPack_LORA1_V2.2.0/Drivers/BSP/Components/lis2dw12/lis2dw12_reg.c:1381:9:lis2dw12_act_sleep_dur_set	24	static
/home/nestorid/Downloads/en.fp-atr-lora1/STM32CubeFunctionPack_LORA1_V2.2.0/Drivers/BSP/Components/lis2dw12/lis2dw12_reg.c:1401:9:lis2dw12_act_sleep_dur_get	24	static
/home/nestorid/Downloads/en.fp-atr-lora1/STM32CubeFunctionPack_LORA1_V2.2.0/Drivers/BSP/Components/lis2dw12/lis2dw12_reg.c:1430:9:lis2dw12_tap_threshold_x_set	24	static
/home/nestorid/Downloads/en.fp-atr-lora1/STM32CubeFunctionPack_LORA1_V2.2.0/Drivers/BSP/Components/lis2dw12/lis2dw12_reg.c:1449:9:lis2dw12_tap_threshold_x_get	24	static
/home/nestorid/Downloads/en.fp-atr-lora1/STM32CubeFunctionPack_LORA1_V2.2.0/Drivers/BSP/Components/lis2dw12/lis2dw12_reg.c:1467:9:lis2dw12_tap_threshold_y_set	24	static
/home/nestorid/Downloads/en.fp-atr-lora1/STM32CubeFunctionPack_LORA1_V2.2.0/Drivers/BSP/Components/lis2dw12/lis2dw12_reg.c:1486:9:lis2dw12_tap_threshold_y_get	24	static
/home/nestorid/Downloads/en.fp-atr-lora1/STM32CubeFunctionPack_LORA1_V2.2.0/Drivers/BSP/Components/lis2dw12/lis2dw12_reg.c:1506:9:lis2dw12_tap_axis_priority_set	24	static
/home/nestorid/Downloads/en.fp-atr-lora1/STM32CubeFunctionPack_LORA1_V2.2.0/Drivers/BSP/Components/lis2dw12/lis2dw12_reg.c:1527:9:lis2dw12_tap_axis_priority_get	24	static
/home/nestorid/Downloads/en.fp-atr-lora1/STM32CubeFunctionPack_LORA1_V2.2.0/Drivers/BSP/Components/lis2dw12/lis2dw12_reg.c:1546:9:lis2dw12_tap_threshold_z_set	24	static
/home/nestorid/Downloads/en.fp-atr-lora1/STM32CubeFunctionPack_LORA1_V2.2.0/Drivers/BSP/Components/lis2dw12/lis2dw12_reg.c:1565:9:lis2dw12_tap_threshold_z_get	24	static
/home/nestorid/Downloads/en.fp-atr-lora1/STM32CubeFunctionPack_LORA1_V2.2.0/Drivers/BSP/Components/lis2dw12/lis2dw12_reg.c:1583:9:lis2dw12_tap_detection_on_z_set	24	static
/home/nestorid/Downloads/en.fp-atr-lora1/STM32CubeFunctionPack_LORA1_V2.2.0/Drivers/BSP/Components/lis2dw12/lis2dw12_reg.c:1602:9:lis2dw12_tap_detection_on_z_get	24	static
/home/nestorid/Downloads/en.fp-atr-lora1/STM32CubeFunctionPack_LORA1_V2.2.0/Drivers/BSP/Components/lis2dw12/lis2dw12_reg.c:1620:9:lis2dw12_tap_detection_on_y_set	24	static
/home/nestorid/Downloads/en.fp-atr-lora1/STM32CubeFunctionPack_LORA1_V2.2.0/Drivers/BSP/Components/lis2dw12/lis2dw12_reg.c:1639:9:lis2dw12_tap_detection_on_y_get	24	static
/home/nestorid/Downloads/en.fp-atr-lora1/STM32CubeFunctionPack_LORA1_V2.2.0/Drivers/BSP/Components/lis2dw12/lis2dw12_reg.c:1657:9:lis2dw12_tap_detection_on_x_set	24	static
/home/nestorid/Downloads/en.fp-atr-lora1/STM32CubeFunctionPack_LORA1_V2.2.0/Drivers/BSP/Components/lis2dw12/lis2dw12_reg.c:1676:9:lis2dw12_tap_detection_on_x_get	24	static
/home/nestorid/Downloads/en.fp-atr-lora1/STM32CubeFunctionPack_LORA1_V2.2.0/Drivers/BSP/Components/lis2dw12/lis2dw12_reg.c:1699:9:lis2dw12_tap_shock_set	24	static
/home/nestorid/Downloads/en.fp-atr-lora1/STM32CubeFunctionPack_LORA1_V2.2.0/Drivers/BSP/Components/lis2dw12/lis2dw12_reg.c:1724:9:lis2dw12_tap_shock_get	24	static
/home/nestorid/Downloads/en.fp-atr-lora1/STM32CubeFunctionPack_LORA1_V2.2.0/Drivers/BSP/Components/lis2dw12/lis2dw12_reg.c:1748:9:lis2dw12_tap_quiet_set	24	static
/home/nestorid/Downloads/en.fp-atr-lora1/STM32CubeFunctionPack_LORA1_V2.2.0/Drivers/BSP/Components/lis2dw12/lis2dw12_reg.c:1773:9:lis2dw12_tap_quiet_get	24	static
/home/nestorid/Downloads/en.fp-atr-lora1/STM32CubeFunctionPack_LORA1_V2.2.0/Drivers/BSP/Components/lis2dw12/lis2dw12_reg.c:1798:9:lis2dw12_tap_dur_set	24	static
/home/nestorid/Downloads/en.fp-atr-lora1/STM32CubeFunctionPack_LORA1_V2.2.0/Drivers/BSP/Components/lis2dw12/lis2dw12_reg.c:1824:9:lis2dw12_tap_dur_get	24	static
/home/nestorid/Downloads/en.fp-atr-lora1/STM32CubeFunctionPack_LORA1_V2.2.0/Drivers/BSP/Components/lis2dw12/lis2dw12_reg.c:1843:9:lis2dw12_tap_mode_set	24	static
/home/nestorid/Downloads/en.fp-atr-lora1/STM32CubeFunctionPack_LORA1_V2.2.0/Drivers/BSP/Components/lis2dw12/lis2dw12_reg.c:1864:9:lis2dw12_tap_mode_get	24	static
/home/nestorid/Downloads/en.fp-atr-lora1/STM32CubeFunctionPack_LORA1_V2.2.0/Drivers/BSP/Components/lis2dw12/lis2dw12_reg.c:1883:9:lis2dw12_tap_src_get	8	static
/home/nestorid/Downloads/en.fp-atr-lora1/STM32CubeFunctionPack_LORA1_V2.2.0/Drivers/BSP/Components/lis2dw12/lis2dw12_reg.c:1905:9:lis2dw12_6d_threshold_set	24	static
/home/nestorid/Downloads/en.fp-atr-lora1/STM32CubeFunctionPack_LORA1_V2.2.0/Drivers/BSP/Components/lis2dw12/lis2dw12_reg.c:1924:9:lis2dw12_6d_threshold_get	24	static
/home/nestorid/Downloads/en.fp-atr-lora1/STM32CubeFunctionPack_LORA1_V2.2.0/Drivers/BSP/Components/lis2dw12/lis2dw12_reg.c:1942:9:lis2dw12_4d_mode_set	24	static
/home/nestorid/Downloads/en.fp-atr-lora1/STM32CubeFunctionPack_LORA1_V2.2.0/Drivers/BSP/Components/lis2dw12/lis2dw12_reg.c:1961:9:lis2dw12_4d_mode_get	24	static
/home/nestorid/Downloads/en.fp-atr-lora1/STM32CubeFunctionPack_LORA1_V2.2.0/Drivers/BSP/Components/lis2dw12/lis2dw12_reg.c:1979:9:lis2dw12_6d_src_get	8	static
/home/nestorid/Downloads/en.fp-atr-lora1/STM32CubeFunctionPack_LORA1_V2.2.0/Drivers/BSP/Components/lis2dw12/lis2dw12_reg.c:1991:9:lis2dw12_6d_feed_data_set	24	static
/home/nestorid/Downloads/en.fp-atr-lora1/STM32CubeFunctionPack_LORA1_V2.2.0/Drivers/BSP/Components/lis2dw12/lis2dw12_reg.c:2012:9:lis2dw12_6d_feed_data_get	24	static
/home/nestorid/Downloads/en.fp-atr-lora1/STM32CubeFunctionPack_LORA1_V2.2.0/Drivers/BSP/Components/lis2dw12/lis2dw12_reg.c:2043:9:lis2dw12_ff_dur_set	32	static
/home/nestorid/Downloads/en.fp-atr-lora1/STM32CubeFunctionPack_LORA1_V2.2.0/Drivers/BSP/Components/lis2dw12/lis2dw12_reg.c:2064:9:lis2dw12_ff_dur_get	24	static
/home/nestorid/Downloads/en.fp-atr-lora1/STM32CubeFunctionPack_LORA1_V2.2.0/Drivers/BSP/Components/lis2dw12/lis2dw12_reg.c:2082:9:lis2dw12_ff_threshold_set	24	static
/home/nestorid/Downloads/en.fp-atr-lora1/STM32CubeFunctionPack_LORA1_V2.2.0/Drivers/BSP/Components/lis2dw12/lis2dw12_reg.c:2101:9:lis2dw12_ff_threshold_get	24	static
/home/nestorid/Downloads/en.fp-atr-lora1/STM32CubeFunctionPack_LORA1_V2.2.0/Drivers/BSP/Components/lis2dw12/lis2dw12_reg.c:2130:9:lis2dw12_fifo_watermark_set	24	static
/home/nestorid/Downloads/en.fp-atr-lora1/STM32CubeFunctionPack_LORA1_V2.2.0/Drivers/BSP/Components/lis2dw12/lis2dw12_reg.c:2149:9:lis2dw12_fifo_watermark_get	24	static
/home/nestorid/Downloads/en.fp-atr-lora1/STM32CubeFunctionPack_LORA1_V2.2.0/Drivers/BSP/Components/lis2dw12/lis2dw12_reg.c:2167:9:lis2dw12_fifo_mode_set	24	static
/home/nestorid/Downloads/en.fp-atr-lora1/STM32CubeFunctionPack_LORA1_V2.2.0/Drivers/BSP/Components/lis2dw12/lis2dw12_reg.c:2186:9:lis2dw12_fifo_mode_get	24	static
/home/nestorid/Downloads/en.fp-atr-lora1/STM32CubeFunctionPack_LORA1_V2.2.0/Drivers/BSP/Components/lis2dw12/lis2dw12_reg.c:2204:9:lis2dw12_fifo_data_level_get	24	static
/home/nestorid/Downloads/en.fp-atr-lora1/STM32CubeFunctionPack_LORA1_V2.2.0/Drivers/BSP/Components/lis2dw12/lis2dw12_reg.c:2221:9:lis2dw12_fifo_ovr_flag_get	24	static
/home/nestorid/Downloads/en.fp-atr-lora1/STM32CubeFunctionPack_LORA1_V2.2.0/Drivers/BSP/Components/lis2dw12/lis2dw12_reg.c:2238:9:lis2dw12_fifo_wtm_flag_get	24	static
