/home/nestorid/Downloads/en.fp-atr-lora1/STM32CubeFunctionPack_LORA1_V2.2.0/Drivers/BSP/Components/lis2dw12/lis2dw12.c:249:9:LIS2DW12_GetCapabilities	0	static
/home/nestorid/Downloads/en.fp-atr-lora1/STM32CubeFunctionPack_LORA1_V2.2.0/Drivers/BSP/Components/lis2dw12/lis2dw12.c:1656:16:ReadRegWrap	8	static
/home/nestorid/Downloads/en.fp-atr-lora1/STM32CubeFunctionPack_LORA1_V2.2.0/Drivers/BSP/Components/lis2dw12/lis2dw12.c:1671:16:WriteRegWrap	8	static
/home/nestorid/Downloads/en.fp-atr-lora1/STM32CubeFunctionPack_LORA1_V2.2.0/Drivers/BSP/Components/lis2dw12/lis2dw12.c:1586:16:LIS2DW12_ACC_SetOutputDataRate_When_Enabled	16	static
/home/nestorid/Downloads/en.fp-atr-lora1/STM32CubeFunctionPack_LORA1_V2.2.0/Drivers/BSP/Components/lis2dw12/lis2dw12.c:627:9:LIS2DW12_ACC_SetOutputDataRate	16	static
/home/nestorid/Downloads/en.fp-atr-lora1/STM32CubeFunctionPack_LORA1_V2.2.0/Drivers/BSP/Components/lis2dw12/lis2dw12.c:159:9:LIS2DW12_Init	16	static
/home/nestorid/Downloads/en.fp-atr-lora1/STM32CubeFunctionPack_LORA1_V2.2.0/Drivers/BSP/Components/lis2dw12/lis2dw12.c:690:9:LIS2DW12_ACC_SetFullScale	8	static
/home/nestorid/Downloads/en.fp-atr-lora1/STM32CubeFunctionPack_LORA1_V2.2.0/Drivers/BSP/Components/lis2dw12/lis2dw12.c:233:9:LIS2DW12_ReadID	8	static
/home/nestorid/Downloads/en.fp-atr-lora1/STM32CubeFunctionPack_LORA1_V2.2.0/Drivers/BSP/Components/lis2dw12/lis2dw12.c:646:9:LIS2DW12_ACC_GetFullScale	16	static
/home/nestorid/Downloads/en.fp-atr-lora1/STM32CubeFunctionPack_LORA1_V2.2.0/Drivers/BSP/Components/lis2dw12/lis2dw12.c:327:9:LIS2DW12_ACC_GetSensitivity	24	static
/home/nestorid/Downloads/en.fp-atr-lora1/STM32CubeFunctionPack_LORA1_V2.2.0/Drivers/BSP/Components/lis2dw12/lis2dw12.c:430:9:LIS2DW12_ACC_GetOutputDataRate	24	static
/home/nestorid/Downloads/en.fp-atr-lora1/STM32CubeFunctionPack_LORA1_V2.2.0/Drivers/BSP/Components/lis2dw12/lis2dw12.c:715:9:LIS2DW12_ACC_GetAxesRaw	32	static
/home/nestorid/Downloads/en.fp-atr-lora1/STM32CubeFunctionPack_LORA1_V2.2.0/Drivers/BSP/Components/lis2dw12/lis2dw12.c:779:9:LIS2DW12_ACC_GetAxes	40	static
/home/nestorid/Downloads/en.fp-atr-lora1/STM32CubeFunctionPack_LORA1_V2.2.0/Drivers/BSP/Components/lis2dw12/lis2dw12.c:272:9:LIS2DW12_ACC_Enable	16	static
/home/nestorid/Downloads/en.fp-atr-lora1/STM32CubeFunctionPack_LORA1_V2.2.0/Drivers/BSP/Components/lis2dw12/lis2dw12.c:296:9:LIS2DW12_ACC_Disable	16	static
/home/nestorid/Downloads/en.fp-atr-lora1/STM32CubeFunctionPack_LORA1_V2.2.0/Drivers/BSP/Components/lis2dw12/lis2dw12.c:211:9:LIS2DW12_DeInit	16	static
/home/nestorid/Downloads/en.fp-atr-lora1/STM32CubeFunctionPack_LORA1_V2.2.0/Drivers/BSP/Components/lis2dw12/lis2dw12.c:102:9:LIS2DW12_RegisterBusIO	16	static
/home/nestorid/Downloads/en.fp-atr-lora1/STM32CubeFunctionPack_LORA1_V2.2.0/Drivers/BSP/Components/lis2dw12/lis2dw12.c:811:9:LIS2DW12_Read_Reg	8	static
/home/nestorid/Downloads/en.fp-atr-lora1/STM32CubeFunctionPack_LORA1_V2.2.0/Drivers/BSP/Components/lis2dw12/lis2dw12.c:828:9:LIS2DW12_Write_Reg	16	static
/home/nestorid/Downloads/en.fp-atr-lora1/STM32CubeFunctionPack_LORA1_V2.2.0/Drivers/BSP/Components/lis2dw12/lis2dw12.c:845:9:LIS2DW12_Set_Interrupt_Polarity	8	static
/home/nestorid/Downloads/en.fp-atr-lora1/STM32CubeFunctionPack_LORA1_V2.2.0/Drivers/BSP/Components/lis2dw12/lis2dw12.c:867:9:LIS2DW12_Set_Interrupt_PinMode	8	static
/home/nestorid/Downloads/en.fp-atr-lora1/STM32CubeFunctionPack_LORA1_V2.2.0/Drivers/BSP/Components/lis2dw12/lis2dw12.c:889:9:LIS2DW12_Set_Interrupt_Latch	8	static
/home/nestorid/Downloads/en.fp-atr-lora1/STM32CubeFunctionPack_LORA1_V2.2.0/Drivers/BSP/Components/lis2dw12/lis2dw12.c:909:9:LIS2DW12_ACC_Enable_Wake_Up_Detection	16	static
/home/nestorid/Downloads/en.fp-atr-lora1/STM32CubeFunctionPack_LORA1_V2.2.0/Drivers/BSP/Components/lis2dw12/lis2dw12.c:958:9:LIS2DW12_ACC_Disable_Wake_Up_Detection	32	static
/home/nestorid/Downloads/en.fp-atr-lora1/STM32CubeFunctionPack_LORA1_V2.2.0/Drivers/BSP/Components/lis2dw12/lis2dw12.c:1020:9:LIS2DW12_ACC_Set_Wake_Up_Threshold	8	static
/home/nestorid/Downloads/en.fp-atr-lora1/STM32CubeFunctionPack_LORA1_V2.2.0/Drivers/BSP/Components/lis2dw12/lis2dw12.c:1037:9:LIS2DW12_ACC_Set_Wake_Up_Duration	8	static
/home/nestorid/Downloads/en.fp-atr-lora1/STM32CubeFunctionPack_LORA1_V2.2.0/Drivers/BSP/Components/lis2dw12/lis2dw12.c:1053:9:LIS2DW12_ACC_Enable_Inactivity_Detection	16	static
/home/nestorid/Downloads/en.fp-atr-lora1/STM32CubeFunctionPack_LORA1_V2.2.0/Drivers/BSP/Components/lis2dw12/lis2dw12.c:1098:9:LIS2DW12_ACC_Disable_Inactivity_Detection	32	static
/home/nestorid/Downloads/en.fp-atr-lora1/STM32CubeFunctionPack_LORA1_V2.2.0/Drivers/BSP/Components/lis2dw12/lis2dw12.c:1166:9:LIS2DW12_ACC_Set_Sleep_Duration	8	static
/home/nestorid/Downloads/en.fp-atr-lora1/STM32CubeFunctionPack_LORA1_V2.2.0/Drivers/BSP/Components/lis2dw12/lis2dw12.c:1182:9:LIS2DW12_ACC_Enable_6D_Orientation	16	static
/home/nestorid/Downloads/en.fp-atr-lora1/STM32CubeFunctionPack_LORA1_V2.2.0/Drivers/BSP/Components/lis2dw12/lis2dw12.c:1226:9:LIS2DW12_ACC_Disable_6D_Orientation	24	static
/home/nestorid/Downloads/en.fp-atr-lora1/STM32CubeFunctionPack_LORA1_V2.2.0/Drivers/BSP/Components/lis2dw12/lis2dw12.c:1282:9:LIS2DW12_ACC_Set_6D_Orientation_Threshold	8	static
/home/nestorid/Downloads/en.fp-atr-lora1/STM32CubeFunctionPack_LORA1_V2.2.0/Drivers/BSP/Components/lis2dw12/lis2dw12.c:1303:9:LIS2DW12_ACC_Get_6D_Orientation_XL	16	static
/home/nestorid/Downloads/en.fp-atr-lora1/STM32CubeFunctionPack_LORA1_V2.2.0/Drivers/BSP/Components/lis2dw12/lis2dw12.c:1323:9:LIS2DW12_ACC_Get_6D_Orientation_XH	16	static
/home/nestorid/Downloads/en.fp-atr-lora1/STM32CubeFunctionPack_LORA1_V2.2.0/Drivers/BSP/Components/lis2dw12/lis2dw12.c:1343:9:LIS2DW12_ACC_Get_6D_Orientation_YL	16	static
/home/nestorid/Downloads/en.fp-atr-lora1/STM32CubeFunctionPack_LORA1_V2.2.0/Drivers/BSP/Components/lis2dw12/lis2dw12.c:1363:9:LIS2DW12_ACC_Get_6D_Orientation_YH	16	static
/home/nestorid/Downloads/en.fp-atr-lora1/STM32CubeFunctionPack_LORA1_V2.2.0/Drivers/BSP/Components/lis2dw12/lis2dw12.c:1383:9:LIS2DW12_ACC_Get_6D_Orientation_ZL	16	static
/home/nestorid/Downloads/en.fp-atr-lora1/STM32CubeFunctionPack_LORA1_V2.2.0/Drivers/BSP/Components/lis2dw12/lis2dw12.c:1403:9:LIS2DW12_ACC_Get_6D_Orientation_ZH	16	static
/home/nestorid/Downloads/en.fp-atr-lora1/STM32CubeFunctionPack_LORA1_V2.2.0/Drivers/BSP/Components/lis2dw12/lis2dw12.c:1423:9:LIS2DW12_ACC_Get_Event_Status	32	static
/home/nestorid/Downloads/en.fp-atr-lora1/STM32CubeFunctionPack_LORA1_V2.2.0/Drivers/BSP/Components/lis2dw12/lis2dw12.c:1479:9:LIS2DW12_ACC_Get_DRDY_Status	8	static
/home/nestorid/Downloads/en.fp-atr-lora1/STM32CubeFunctionPack_LORA1_V2.2.0/Drivers/BSP/Components/lis2dw12/lis2dw12.c:1495:9:LIS2DW12_ACC_Get_Init_Status	0	static
/home/nestorid/Downloads/en.fp-atr-lora1/STM32CubeFunctionPack_LORA1_V2.2.0/Drivers/BSP/Components/lis2dw12/lis2dw12.c:1513:9:LIS2DW12_FIFO_Get_Num_Samples	16	static
/home/nestorid/Downloads/en.fp-atr-lora1/STM32CubeFunctionPack_LORA1_V2.2.0/Drivers/BSP/Components/lis2dw12/lis2dw12.c:1540:9:LIS2DW12_FIFO_Set_Mode	8	static
