/home/nestorid/Downloads/en.fp-atr-lora1/STM32CubeFunctionPack_LORA1_V2.2.0/Middlewares/Third_Party/LoRaWAN/Mac/region/RegionEU433.c:164:12:RegionEU433GetPhyParam	16	static
/home/nestorid/Downloads/en.fp-atr-lora1/STM32CubeFunctionPack_LORA1_V2.2.0/Middlewares/Third_Party/LoRaWAN/Mac/region/RegionEU433.c:342:6:RegionEU433SetBandTxDone	8	static
/home/nestorid/Downloads/en.fp-atr-lora1/STM32CubeFunctionPack_LORA1_V2.2.0/Middlewares/Third_Party/LoRaWAN/Mac/region/RegionEU433.c:347:6:RegionEU433InitDefaults	40	static
/home/nestorid/Downloads/en.fp-atr-lora1/STM32CubeFunctionPack_LORA1_V2.2.0/Middlewares/Third_Party/LoRaWAN/Mac/region/RegionEU433.c:398:7:RegionEU433GetNvmCtx	0	static
/home/nestorid/Downloads/en.fp-atr-lora1/STM32CubeFunctionPack_LORA1_V2.2.0/Middlewares/Third_Party/LoRaWAN/Mac/region/RegionEU433.c:404:6:RegionEU433Verify	16	static
/home/nestorid/Downloads/en.fp-atr-lora1/STM32CubeFunctionPack_LORA1_V2.2.0/Middlewares/Third_Party/LoRaWAN/Mac/region/RegionEU433.c:498:6:RegionEU433ChanMaskSet	8	static
/home/nestorid/Downloads/en.fp-atr-lora1/STM32CubeFunctionPack_LORA1_V2.2.0/Middlewares/Third_Party/LoRaWAN/Mac/region/RegionEU433.c:518:6:RegionEU433ComputeRxWindowParameters	56	static
/home/nestorid/Downloads/en.fp-atr-lora1/STM32CubeFunctionPack_LORA1_V2.2.0/Middlewares/Third_Party/LoRaWAN/Mac/region/RegionEU433.c:538:6:RegionEU433RxConfig	88	static
/home/nestorid/Downloads/en.fp-atr-lora1/STM32CubeFunctionPack_LORA1_V2.2.0/Middlewares/Third_Party/LoRaWAN/Mac/region/RegionEU433.c:594:6:RegionEU433TxConfig	88	static
/home/nestorid/Downloads/en.fp-atr-lora1/STM32CubeFunctionPack_LORA1_V2.2.0/Middlewares/Third_Party/LoRaWAN/Mac/region/RegionEU433.c:629:9:RegionEU433LinkAdrReq	104	static
/home/nestorid/Downloads/en.fp-atr-lora1/STM32CubeFunctionPack_LORA1_V2.2.0/Middlewares/Third_Party/LoRaWAN/Mac/region/RegionEU433.c:734:9:RegionEU433RxParamSetupReq	24	static
/home/nestorid/Downloads/en.fp-atr-lora1/STM32CubeFunctionPack_LORA1_V2.2.0/Middlewares/Third_Party/LoRaWAN/Mac/region/RegionEU433.c:812:8:RegionEU433TxParamSetupReq	0	static
/home/nestorid/Downloads/en.fp-atr-lora1/STM32CubeFunctionPack_LORA1_V2.2.0/Middlewares/Third_Party/LoRaWAN/Mac/region/RegionEU433.c:817:9:RegionEU433DlChannelReq	24	static
/home/nestorid/Downloads/en.fp-atr-lora1/STM32CubeFunctionPack_LORA1_V2.2.0/Middlewares/Third_Party/LoRaWAN/Mac/region/RegionEU433.c:842:8:RegionEU433AlternateDr	0	static
/home/nestorid/Downloads/en.fp-atr-lora1/STM32CubeFunctionPack_LORA1_V2.2.0/Middlewares/Third_Party/LoRaWAN/Mac/region/RegionEU433.c:847:6:RegionEU433CalcBackOff	32	static
/home/nestorid/Downloads/en.fp-atr-lora1/STM32CubeFunctionPack_LORA1_V2.2.0/Middlewares/Third_Party/LoRaWAN/Mac/region/RegionEU433.c:863:17:RegionEU433NextChannel	80	static
/home/nestorid/Downloads/en.fp-atr-lora1/STM32CubeFunctionPack_LORA1_V2.2.0/Middlewares/Third_Party/LoRaWAN/Mac/region/RegionEU433.c:918:17:RegionEU433ChannelAdd	32	static
/home/nestorid/Downloads/en.fp-atr-lora1/STM32CubeFunctionPack_LORA1_V2.2.0/Middlewares/Third_Party/LoRaWAN/Mac/region/RegionEU433.c:439:6:RegionEU433ApplyCFList	64	static
/home/nestorid/Downloads/en.fp-atr-lora1/STM32CubeFunctionPack_LORA1_V2.2.0/Middlewares/Third_Party/LoRaWAN/Mac/region/RegionEU433.c:759:9:RegionEU433NewChannelReq	24	static
/home/nestorid/Downloads/en.fp-atr-lora1/STM32CubeFunctionPack_LORA1_V2.2.0/Middlewares/Third_Party/LoRaWAN/Mac/region/RegionEU433.c:977:6:RegionEU433ChannelsRemove	16	static
/home/nestorid/Downloads/en.fp-atr-lora1/STM32CubeFunctionPack_LORA1_V2.2.0/Middlewares/Third_Party/LoRaWAN/Mac/region/RegionEU433.c:992:6:RegionEU433SetContinuousWave	32	static
/home/nestorid/Downloads/en.fp-atr-lora1/STM32CubeFunctionPack_LORA1_V2.2.0/Middlewares/Third_Party/LoRaWAN/Mac/region/RegionEU433.c:1004:9:RegionEU433ApplyDrOffset	0	static
/home/nestorid/Downloads/en.fp-atr-lora1/STM32CubeFunctionPack_LORA1_V2.2.0/Middlewares/Third_Party/LoRaWAN/Mac/region/RegionEU433.c:1015:6:RegionEU433RxBeaconSetup	32	static
