/home/nestorid/Downloads/en.fp-atr-lora1/STM32CubeFunctionPack_LORA1_V2.2.0/Middlewares/Third_Party/LoRaWAN/Mac/region/RegionCN470.c:166:12:RegionCN470GetPhyParam	16	static
/home/nestorid/Downloads/en.fp-atr-lora1/STM32CubeFunctionPack_LORA1_V2.2.0/Middlewares/Third_Party/LoRaWAN/Mac/region/RegionCN470.c:349:6:RegionCN470SetBandTxDone	8	static
/home/nestorid/Downloads/en.fp-atr-lora1/STM32CubeFunctionPack_LORA1_V2.2.0/Middlewares/Third_Party/LoRaWAN/Mac/region/RegionCN470.c:354:6:RegionCN470InitDefaults	32	static
/home/nestorid/Downloads/en.fp-atr-lora1/STM32CubeFunctionPack_LORA1_V2.2.0/Middlewares/Third_Party/LoRaWAN/Mac/region/RegionCN470.c:410:7:RegionCN470GetNvmCtx	0	static
/home/nestorid/Downloads/en.fp-atr-lora1/STM32CubeFunctionPack_LORA1_V2.2.0/Middlewares/Third_Party/LoRaWAN/Mac/region/RegionCN470.c:416:6:RegionCN470Verify	24	static
/home/nestorid/Downloads/en.fp-atr-lora1/STM32CubeFunctionPack_LORA1_V2.2.0/Middlewares/Third_Party/LoRaWAN/Mac/region/RegionCN470.c:448:6:RegionCN470ApplyCFList	8	static
/home/nestorid/Downloads/en.fp-atr-lora1/STM32CubeFunctionPack_LORA1_V2.2.0/Middlewares/Third_Party/LoRaWAN/Mac/region/RegionCN470.c:470:6:RegionCN470ChanMaskSet	8	static
/home/nestorid/Downloads/en.fp-atr-lora1/STM32CubeFunctionPack_LORA1_V2.2.0/Middlewares/Third_Party/LoRaWAN/Mac/region/RegionCN470.c:490:6:RegionCN470ComputeRxWindowParameters	48	static
/home/nestorid/Downloads/en.fp-atr-lora1/STM32CubeFunctionPack_LORA1_V2.2.0/Middlewares/Third_Party/LoRaWAN/Mac/region/RegionCN470.c:503:6:RegionCN470RxConfig	88	static
/home/nestorid/Downloads/en.fp-atr-lora1/STM32CubeFunctionPack_LORA1_V2.2.0/Middlewares/Third_Party/LoRaWAN/Mac/region/RegionCN470.c:544:6:RegionCN470TxConfig	88	static
/home/nestorid/Downloads/en.fp-atr-lora1/STM32CubeFunctionPack_LORA1_V2.2.0/Middlewares/Third_Party/LoRaWAN/Mac/region/RegionCN470.c:568:9:RegionCN470LinkAdrReq	104	static
/home/nestorid/Downloads/en.fp-atr-lora1/STM32CubeFunctionPack_LORA1_V2.2.0/Middlewares/Third_Party/LoRaWAN/Mac/region/RegionCN470.c:665:9:RegionCN470RxParamSetupReq	24	static
/home/nestorid/Downloads/en.fp-atr-lora1/STM32CubeFunctionPack_LORA1_V2.2.0/Middlewares/Third_Party/LoRaWAN/Mac/region/RegionCN470.c:690:9:RegionCN470NewChannelReq	0	static
/home/nestorid/Downloads/en.fp-atr-lora1/STM32CubeFunctionPack_LORA1_V2.2.0/Middlewares/Third_Party/LoRaWAN/Mac/region/RegionCN470.c:696:8:RegionCN470TxParamSetupReq	0	static
/home/nestorid/Downloads/en.fp-atr-lora1/STM32CubeFunctionPack_LORA1_V2.2.0/Middlewares/Third_Party/LoRaWAN/Mac/region/RegionCN470.c:701:9:RegionCN470DlChannelReq	0	static
/home/nestorid/Downloads/en.fp-atr-lora1/STM32CubeFunctionPack_LORA1_V2.2.0/Middlewares/Third_Party/LoRaWAN/Mac/region/RegionCN470.c:706:8:RegionCN470AlternateDr	0	static
/home/nestorid/Downloads/en.fp-atr-lora1/STM32CubeFunctionPack_LORA1_V2.2.0/Middlewares/Third_Party/LoRaWAN/Mac/region/RegionCN470.c:711:6:RegionCN470CalcBackOff	32	static
/home/nestorid/Downloads/en.fp-atr-lora1/STM32CubeFunctionPack_LORA1_V2.2.0/Middlewares/Third_Party/LoRaWAN/Mac/region/RegionCN470.c:727:17:RegionCN470NextChannel	160	static
/home/nestorid/Downloads/en.fp-atr-lora1/STM32CubeFunctionPack_LORA1_V2.2.0/Middlewares/Third_Party/LoRaWAN/Mac/region/RegionCN470.c:787:17:RegionCN470ChannelAdd	0	static
/home/nestorid/Downloads/en.fp-atr-lora1/STM32CubeFunctionPack_LORA1_V2.2.0/Middlewares/Third_Party/LoRaWAN/Mac/region/RegionCN470.c:792:6:RegionCN470ChannelsRemove	0	static
/home/nestorid/Downloads/en.fp-atr-lora1/STM32CubeFunctionPack_LORA1_V2.2.0/Middlewares/Third_Party/LoRaWAN/Mac/region/RegionCN470.c:797:6:RegionCN470SetContinuousWave	32	static
/home/nestorid/Downloads/en.fp-atr-lora1/STM32CubeFunctionPack_LORA1_V2.2.0/Middlewares/Third_Party/LoRaWAN/Mac/region/RegionCN470.c:809:9:RegionCN470ApplyDrOffset	0	static
/home/nestorid/Downloads/en.fp-atr-lora1/STM32CubeFunctionPack_LORA1_V2.2.0/Middlewares/Third_Party/LoRaWAN/Mac/region/RegionCN470.c:820:6:RegionCN470RxBeaconSetup	32	static
