/home/nestorid/Downloads/en.fp-atr-lora1/STM32CubeFunctionPack_LORA1_V2.2.0/Middlewares/Third_Party/LoRaWAN/Mac/region/RegionCN779.c:164:12:RegionCN779GetPhyParam	16	static
/home/nestorid/Downloads/en.fp-atr-lora1/STM32CubeFunctionPack_LORA1_V2.2.0/Middlewares/Third_Party/LoRaWAN/Mac/region/RegionCN779.c:342:6:RegionCN779SetBandTxDone	8	static
/home/nestorid/Downloads/en.fp-atr-lora1/STM32CubeFunctionPack_LORA1_V2.2.0/Middlewares/Third_Party/LoRaWAN/Mac/region/RegionCN779.c:347:6:RegionCN779InitDefaults	40	static
/home/nestorid/Downloads/en.fp-atr-lora1/STM32CubeFunctionPack_LORA1_V2.2.0/Middlewares/Third_Party/LoRaWAN/Mac/region/RegionCN779.c:398:7:RegionCN779GetNvmCtx	0	static
/home/nestorid/Downloads/en.fp-atr-lora1/STM32CubeFunctionPack_LORA1_V2.2.0/Middlewares/Third_Party/LoRaWAN/Mac/region/RegionCN779.c:404:6:RegionCN779Verify	16	static
/home/nestorid/Downloads/en.fp-atr-lora1/STM32CubeFunctionPack_LORA1_V2.2.0/Middlewares/Third_Party/LoRaWAN/Mac/region/RegionCN779.c:498:6:RegionCN779ChanMaskSet	8	static
/home/nestorid/Downloads/en.fp-atr-lora1/STM32CubeFunctionPack_LORA1_V2.2.0/Middlewares/Third_Party/LoRaWAN/Mac/region/RegionCN779.c:518:6:RegionCN779ComputeRxWindowParameters	56	static
/home/nestorid/Downloads/en.fp-atr-lora1/STM32CubeFunctionPack_LORA1_V2.2.0/Middlewares/Third_Party/LoRaWAN/Mac/region/RegionCN779.c:538:6:RegionCN779RxConfig	88	static
/home/nestorid/Downloads/en.fp-atr-lora1/STM32CubeFunctionPack_LORA1_V2.2.0/Middlewares/Third_Party/LoRaWAN/Mac/region/RegionCN779.c:594:6:RegionCN779TxConfig	88	static
/home/nestorid/Downloads/en.fp-atr-lora1/STM32CubeFunctionPack_LORA1_V2.2.0/Middlewares/Third_Party/LoRaWAN/Mac/region/RegionCN779.c:629:9:RegionCN779LinkAdrReq	104	static
/home/nestorid/Downloads/en.fp-atr-lora1/STM32CubeFunctionPack_LORA1_V2.2.0/Middlewares/Third_Party/LoRaWAN/Mac/region/RegionCN779.c:734:9:RegionCN779RxParamSetupReq	24	static
/home/nestorid/Downloads/en.fp-atr-lora1/STM32CubeFunctionPack_LORA1_V2.2.0/Middlewares/Third_Party/LoRaWAN/Mac/region/RegionCN779.c:812:8:RegionCN779TxParamSetupReq	0	static
/home/nestorid/Downloads/en.fp-atr-lora1/STM32CubeFunctionPack_LORA1_V2.2.0/Middlewares/Third_Party/LoRaWAN/Mac/region/RegionCN779.c:817:9:RegionCN779DlChannelReq	24	static
/home/nestorid/Downloads/en.fp-atr-lora1/STM32CubeFunctionPack_LORA1_V2.2.0/Middlewares/Third_Party/LoRaWAN/Mac/region/RegionCN779.c:842:8:RegionCN779AlternateDr	0	static
/home/nestorid/Downloads/en.fp-atr-lora1/STM32CubeFunctionPack_LORA1_V2.2.0/Middlewares/Third_Party/LoRaWAN/Mac/region/RegionCN779.c:847:6:RegionCN779CalcBackOff	32	static
/home/nestorid/Downloads/en.fp-atr-lora1/STM32CubeFunctionPack_LORA1_V2.2.0/Middlewares/Third_Party/LoRaWAN/Mac/region/RegionCN779.c:863:17:RegionCN779NextChannel	80	static
/home/nestorid/Downloads/en.fp-atr-lora1/STM32CubeFunctionPack_LORA1_V2.2.0/Middlewares/Third_Party/LoRaWAN/Mac/region/RegionCN779.c:918:17:RegionCN779ChannelAdd	32	static
/home/nestorid/Downloads/en.fp-atr-lora1/STM32CubeFunctionPack_LORA1_V2.2.0/Middlewares/Third_Party/LoRaWAN/Mac/region/RegionCN779.c:439:6:RegionCN779ApplyCFList	64	static
/home/nestorid/Downloads/en.fp-atr-lora1/STM32CubeFunctionPack_LORA1_V2.2.0/Middlewares/Third_Party/LoRaWAN/Mac/region/RegionCN779.c:759:9:RegionCN779NewChannelReq	24	static
/home/nestorid/Downloads/en.fp-atr-lora1/STM32CubeFunctionPack_LORA1_V2.2.0/Middlewares/Third_Party/LoRaWAN/Mac/region/RegionCN779.c:977:6:RegionCN779ChannelsRemove	16	static
/home/nestorid/Downloads/en.fp-atr-lora1/STM32CubeFunctionPack_LORA1_V2.2.0/Middlewares/Third_Party/LoRaWAN/Mac/region/RegionCN779.c:992:6:RegionCN779SetContinuousWave	32	static
/home/nestorid/Downloads/en.fp-atr-lora1/STM32CubeFunctionPack_LORA1_V2.2.0/Middlewares/Third_Party/LoRaWAN/Mac/region/RegionCN779.c:1004:9:RegionCN779ApplyDrOffset	0	static
/home/nestorid/Downloads/en.fp-atr-lora1/STM32CubeFunctionPack_LORA1_V2.2.0/Middlewares/Third_Party/LoRaWAN/Mac/region/RegionCN779.c:1015:6:RegionCN779RxBeaconSetup	32	static
