/home/nestorid/Downloads/en.fp-atr-lora1/STM32CubeFunctionPack_LORA1_V2.2.0/Middlewares/Third_Party/LoRaWAN/Mac/region/RegionCommon.c:73:6:RegionCommonChanVerifyDr.part.0	36	static
/home/nestorid/Downloads/en.fp-atr-lora1/STM32CubeFunctionPack_LORA1_V2.2.0/Middlewares/Third_Party/LoRaWAN/Mac/region/RegionCommon.c:54:10:RegionCommonGetJoinDc	0	static
/home/nestorid/Downloads/en.fp-atr-lora1/STM32CubeFunctionPack_LORA1_V2.2.0/Middlewares/Third_Party/LoRaWAN/Mac/region/RegionCommon.c:73:6:RegionCommonChanVerifyDr	16	static
/home/nestorid/Downloads/en.fp-atr-lora1/STM32CubeFunctionPack_LORA1_V2.2.0/Middlewares/Third_Party/LoRaWAN/Mac/region/RegionCommon.c:98:9:RegionCommonValueInRange	0	static
/home/nestorid/Downloads/en.fp-atr-lora1/STM32CubeFunctionPack_LORA1_V2.2.0/Middlewares/Third_Party/LoRaWAN/Mac/region/RegionCommon.c:107:6:RegionCommonChanDisable	8	static
/home/nestorid/Downloads/en.fp-atr-lora1/STM32CubeFunctionPack_LORA1_V2.2.0/Middlewares/Third_Party/LoRaWAN/Mac/region/RegionCommon.c:122:9:RegionCommonCountChannels	28	static
/home/nestorid/Downloads/en.fp-atr-lora1/STM32CubeFunctionPack_LORA1_V2.2.0/Middlewares/Third_Party/LoRaWAN/Mac/region/RegionCommon.c:139:6:RegionCommonChanMaskCopy	12	static
/home/nestorid/Downloads/en.fp-atr-lora1/STM32CubeFunctionPack_LORA1_V2.2.0/Middlewares/Third_Party/LoRaWAN/Mac/region/RegionCommon.c:150:6:RegionCommonSetBandTxDone	0	static
/home/nestorid/Downloads/en.fp-atr-lora1/STM32CubeFunctionPack_LORA1_V2.2.0/Middlewares/Third_Party/LoRaWAN/Mac/region/RegionCommon.c:163:13:RegionCommonUpdateBandTimeOff	40	static
/home/nestorid/Downloads/en.fp-atr-lora1/STM32CubeFunctionPack_LORA1_V2.2.0/Middlewares/Third_Party/LoRaWAN/Mac/region/RegionCommon.c:211:9:RegionCommonParseLinkAdrReq	8	static
/home/nestorid/Downloads/en.fp-atr-lora1/STM32CubeFunctionPack_LORA1_V2.2.0/Middlewares/Third_Party/LoRaWAN/Mac/region/RegionCommon.c:235:9:RegionCommonLinkAdrReqVerifyParams	40	static
/home/nestorid/Downloads/en.fp-atr-lora1/STM32CubeFunctionPack_LORA1_V2.2.0/Middlewares/Third_Party/LoRaWAN/Mac/region/RegionCommon.c:292:8:RegionCommonComputeSymbolTimeLoRa	16	static
/home/nestorid/Downloads/en.fp-atr-lora1/STM32CubeFunctionPack_LORA1_V2.2.0/Middlewares/Third_Party/LoRaWAN/Mac/region/RegionCommon.c:297:8:RegionCommonComputeSymbolTimeFsk	8	static
/home/nestorid/Downloads/en.fp-atr-lora1/STM32CubeFunctionPack_LORA1_V2.2.0/Middlewares/Third_Party/LoRaWAN/Mac/region/RegionCommon.c:302:6:RegionCommonComputeRxWindowParameters	32	static
/home/nestorid/Downloads/en.fp-atr-lora1/STM32CubeFunctionPack_LORA1_V2.2.0/Middlewares/Third_Party/LoRaWAN/Mac/region/RegionCommon.c:308:8:RegionCommonComputeTxPower	16	static
/home/nestorid/Downloads/en.fp-atr-lora1/STM32CubeFunctionPack_LORA1_V2.2.0/Middlewares/Third_Party/LoRaWAN/Mac/region/RegionCommon.c:317:6:RegionCommonCalcBackOff	16	static
/home/nestorid/Downloads/en.fp-atr-lora1/STM32CubeFunctionPack_LORA1_V2.2.0/Middlewares/Third_Party/LoRaWAN/Mac/region/RegionCommon.c:361:6:RegionCommonRxBeaconSetup	56	static
