/home/nestorid/Downloads/en.fp-atr-lora1/STM32CubeFunctionPack_LORA1_V2.2.0/Middlewares/ST/STM32_GNSS/LibGNSS/Src/gnss_data.c:79:6:GNSS_DATA_SendCommand	16	static
/home/nestorid/Downloads/en.fp-atr-lora1/STM32CubeFunctionPack_LORA1_V2.2.0/Middlewares/ST/STM32_GNSS/LibGNSS/Src/gnss_data.c:93:6:GNSS_DATA_GetGGAInfo	40	static
/home/nestorid/Downloads/en.fp-atr-lora1/STM32CubeFunctionPack_LORA1_V2.2.0/Middlewares/ST/STM32_GNSS/LibGNSS/Src/gnss_data.c:139:6:GNSS_DATA_GetValidInfo	16	static
/home/nestorid/Downloads/en.fp-atr-lora1/STM32CubeFunctionPack_LORA1_V2.2.0/Middlewares/ST/STM32_GNSS/LibGNSS/Src/gnss_data.c:156:9:GNSS_DATA_TrackGotPos	120	static
/home/nestorid/Downloads/en.fp-atr-lora1/STM32CubeFunctionPack_LORA1_V2.2.0/Middlewares/ST/STM32_GNSS/LibGNSS/Src/gnss_data.c:226:6:GNSS_DATA_PrintTrackedPositions	64	static
/home/nestorid/Downloads/en.fp-atr-lora1/STM32CubeFunctionPack_LORA1_V2.2.0/Middlewares/ST/STM32_GNSS/LibGNSS/Src/gnss_data.c:276:6:GNSS_DATA_GetGNSInfo	40	static
/home/nestorid/Downloads/en.fp-atr-lora1/STM32CubeFunctionPack_LORA1_V2.2.0/Middlewares/ST/STM32_GNSS/LibGNSS/Src/gnss_data.c:347:6:GNSS_DATA_GetGPGSTInfo	24	static
/home/nestorid/Downloads/en.fp-atr-lora1/STM32CubeFunctionPack_LORA1_V2.2.0/Middlewares/ST/STM32_GNSS/LibGNSS/Src/gnss_data.c:391:6:GNSS_DATA_GetGPRMCInfo	40	static
/home/nestorid/Downloads/en.fp-atr-lora1/STM32CubeFunctionPack_LORA1_V2.2.0/Middlewares/ST/STM32_GNSS/LibGNSS/Src/gnss_data.c:461:6:GNSS_DATA_GetGSAInfo	32	static
/home/nestorid/Downloads/en.fp-atr-lora1/STM32CubeFunctionPack_LORA1_V2.2.0/Middlewares/ST/STM32_GNSS/LibGNSS/Src/gnss_data.c:543:6:GNSS_DATA_GetGSVInfo	56	static
/home/nestorid/Downloads/en.fp-atr-lora1/STM32CubeFunctionPack_LORA1_V2.2.0/Middlewares/ST/STM32_GNSS/LibGNSS/Src/gnss_data.c:618:6:GNSS_DATA_GetPSTMVerInfo	16	static
/home/nestorid/Downloads/en.fp-atr-lora1/STM32CubeFunctionPack_LORA1_V2.2.0/Middlewares/ST/STM32_GNSS/LibGNSS/Src/gnss_data.c:639:6:GNSS_DATA_GetGeofenceInfo	56	static
/home/nestorid/Downloads/en.fp-atr-lora1/STM32CubeFunctionPack_LORA1_V2.2.0/Middlewares/ST/STM32_GNSS/LibGNSS/Src/gnss_data.c:716:6:GNSS_DATA_GetOdometerInfo	16	static
/home/nestorid/Downloads/en.fp-atr-lora1/STM32CubeFunctionPack_LORA1_V2.2.0/Middlewares/ST/STM32_GNSS/LibGNSS/Src/gnss_data.c:769:6:GNSS_DATA_GetDatalogInfo	16	static
/home/nestorid/Downloads/en.fp-atr-lora1/STM32CubeFunctionPack_LORA1_V2.2.0/Middlewares/ST/STM32_GNSS/LibGNSS/Src/gnss_data.c:851:6:GNSS_DATA_GetMsglistAck	16	static
/home/nestorid/Downloads/en.fp-atr-lora1/STM32CubeFunctionPack_LORA1_V2.2.0/Middlewares/ST/STM32_GNSS/LibGNSS/Src/gnss_data.c:865:6:GNSS_DATA_GetGNSSAck	16	static
/home/nestorid/Downloads/en.fp-atr-lora1/STM32CubeFunctionPack_LORA1_V2.2.0/Middlewares/ST/STM32_GNSS/LibGNSS/Src/gnss_data.c:876:6:GNSS_DATA_CfgMessageList	32	static
/home/nestorid/Downloads/en.fp-atr-lora1/STM32CubeFunctionPack_LORA1_V2.2.0/Middlewares/ST/STM32_GNSS/LibGNSS/Src/gnss_data.c:899:6:GNSS_DATA_EnableGeofence	24	static
/home/nestorid/Downloads/en.fp-atr-lora1/STM32CubeFunctionPack_LORA1_V2.2.0/Middlewares/ST/STM32_GNSS/LibGNSS/Src/gnss_data.c:908:6:GNSS_DATA_ConfigGeofence	56	static
/home/nestorid/Downloads/en.fp-atr-lora1/STM32CubeFunctionPack_LORA1_V2.2.0/Middlewares/ST/STM32_GNSS/LibGNSS/Src/gnss_data.c:922:6:GNSS_DATA_EnableOdo	16	static
/home/nestorid/Downloads/en.fp-atr-lora1/STM32CubeFunctionPack_LORA1_V2.2.0/Middlewares/ST/STM32_GNSS/LibGNSS/Src/gnss_data.c:931:6:GNSS_DATA_StartOdo	16	static
/home/nestorid/Downloads/en.fp-atr-lora1/STM32CubeFunctionPack_LORA1_V2.2.0/Middlewares/ST/STM32_GNSS/LibGNSS/Src/gnss_data.c:939:6:GNSS_DATA_StopOdo	16	static
/home/nestorid/Downloads/en.fp-atr-lora1/STM32CubeFunctionPack_LORA1_V2.2.0/Middlewares/ST/STM32_GNSS/LibGNSS/Src/gnss_data.c:947:6:GNSS_DATA_EnableDatalog	40	static
/home/nestorid/Downloads/en.fp-atr-lora1/STM32CubeFunctionPack_LORA1_V2.2.0/Middlewares/ST/STM32_GNSS/LibGNSS/Src/gnss_data.c:964:6:GNSS_DATA_ConfigDatalog	32	static
/home/nestorid/Downloads/en.fp-atr-lora1/STM32CubeFunctionPack_LORA1_V2.2.0/Middlewares/ST/STM32_GNSS/LibGNSS/Src/gnss_data.c:979:6:GNSS_DATA_StartDatalog	16	static
/home/nestorid/Downloads/en.fp-atr-lora1/STM32CubeFunctionPack_LORA1_V2.2.0/Middlewares/ST/STM32_GNSS/LibGNSS/Src/gnss_data.c:987:6:GNSS_DATA_StopDatalog	16	static
/home/nestorid/Downloads/en.fp-atr-lora1/STM32CubeFunctionPack_LORA1_V2.2.0/Middlewares/ST/STM32_GNSS/LibGNSS/Src/gnss_data.c:995:6:GNSS_DATA_EraseDatalog	16	static
