/home/nestorid/Downloads/en.fp-atr-lora1/STM32CubeFunctionPack_LORA1_V2.2.0/Projects/STEVAL-STRKT01/Applications/LoRa/Asset_Tracker/LoRaWAN/App/src/debug.c:66:6:CheckDebuggerConnection	24	static
/home/nestorid/Downloads/en.fp-atr-lora1/STM32CubeFunctionPack_LORA1_V2.2.0/Projects/STEVAL-STRKT01/Applications/LoRa/Asset_Tracker/LoRaWAN/App/src/debug.c:114:6:DBG_Init	8	static
/home/nestorid/Downloads/en.fp-atr-lora1/STM32CubeFunctionPack_LORA1_V2.2.0/Projects/STEVAL-STRKT01/Applications/LoRa/Asset_Tracker/LoRaWAN/App/src/debug.c:152:6:Error_Handler	8	static
