/home/nestorid/Downloads/en.fp-atr-lora1/STM32CubeFunctionPack_LORA1_V2.2.0/Projects/STEVAL-STRKT01/Applications/LoRa/Asset_Tracker/Core/src/mlm32l0xx_hal_msp.c:97:19:HAL_InitTick	0	static
/home/nestorid/Downloads/en.fp-atr-lora1/STM32CubeFunctionPack_LORA1_V2.2.0/Projects/STEVAL-STRKT01/Applications/LoRa/Asset_Tracker/Core/src/mlm32l0xx_hal_msp.c:108:6:HAL_Delay	16	static
/home/nestorid/Downloads/en.fp-atr-lora1/STM32CubeFunctionPack_LORA1_V2.2.0/Projects/STEVAL-STRKT01/Applications/LoRa/Asset_Tracker/Core/src/mlm32l0xx_hal_msp.c:117:10:HAL_GetTick	8	static
/home/nestorid/Downloads/en.fp-atr-lora1/STM32CubeFunctionPack_LORA1_V2.2.0/Projects/STEVAL-STRKT01/Applications/LoRa/Asset_Tracker/Core/src/mlm32l0xx_hal_msp.c:126:6:HAL_MspInit	8	static
/home/nestorid/Downloads/en.fp-atr-lora1/STM32CubeFunctionPack_LORA1_V2.2.0/Projects/STEVAL-STRKT01/Applications/LoRa/Asset_Tracker/Core/src/mlm32l0xx_hal_msp.c:165:6:HAL_RTC_MspInit	104	static
/home/nestorid/Downloads/en.fp-atr-lora1/STM32CubeFunctionPack_LORA1_V2.2.0/Projects/STEVAL-STRKT01/Applications/LoRa/Asset_Tracker/Core/src/mlm32l0xx_hal_msp.c:204:6:HAL_RTC_MspDeInit	0	static
/home/nestorid/Downloads/en.fp-atr-lora1/STM32CubeFunctionPack_LORA1_V2.2.0/Projects/STEVAL-STRKT01/Applications/LoRa/Asset_Tracker/Core/src/mlm32l0xx_hal_msp.c:216:6:HAL_RTC_AlarmAEventCallback	8	static
/home/nestorid/Downloads/en.fp-atr-lora1/STM32CubeFunctionPack_LORA1_V2.2.0/Projects/STEVAL-STRKT01/Applications/LoRa/Asset_Tracker/Core/src/mlm32l0xx_hal_msp.c:226:11:MSP_GetIRQn	0	static
/home/nestorid/Downloads/en.fp-atr-lora1/STM32CubeFunctionPack_LORA1_V2.2.0/Projects/STEVAL-STRKT01/Applications/LoRa/Asset_Tracker/Core/src/mlm32l0xx_hal_msp.c:267:6:HAL_UART_MspInit	40	static
/home/nestorid/Downloads/en.fp-atr-lora1/STM32CubeFunctionPack_LORA1_V2.2.0/Projects/STEVAL-STRKT01/Applications/LoRa/Asset_Tracker/Core/src/mlm32l0xx_hal_msp.c:390:6:HAL_UART_MspDeInit	32	static
