/home/nestorid/Downloads/en.fp-atr-lora1/STM32CubeFunctionPack_LORA1_V2.2.0/Projects/STEVAL-STRKT01/Applications/LoRa/Asset_Tracker/LoRaWAN/App/src/usbd_cdc_if.c:216:15:CDC_DeInit_FS	0	static
/home/nestorid/Downloads/en.fp-atr-lora1/STM32CubeFunctionPack_LORA1_V2.2.0/Projects/STEVAL-STRKT01/Applications/LoRa/Asset_Tracker/LoRaWAN/App/src/usbd_cdc_if.c:202:15:CDC_Init_FS	16	static
/home/nestorid/Downloads/en.fp-atr-lora1/STM32CubeFunctionPack_LORA1_V2.2.0/Projects/STEVAL-STRKT01/Applications/LoRa/Asset_Tracker/LoRaWAN/App/src/usbd_cdc_if.c:230:15:CDC_Control_FS	0	static
/home/nestorid/Downloads/en.fp-atr-lora1/STM32CubeFunctionPack_LORA1_V2.2.0/Projects/STEVAL-STRKT01/Applications/LoRa/Asset_Tracker/LoRaWAN/App/src/usbd_cdc_if.c:338:9:CDC_Transmit_FS	8	static
/home/nestorid/Downloads/en.fp-atr-lora1/STM32CubeFunctionPack_LORA1_V2.2.0/Projects/STEVAL-STRKT01/Applications/LoRa/Asset_Tracker/LoRaWAN/App/src/usbd_cdc_if.c:359:13:USB_User_StoreCommand	0	static
/home/nestorid/Downloads/en.fp-atr-lora1/STM32CubeFunctionPack_LORA1_V2.2.0/Projects/STEVAL-STRKT01/Applications/LoRa/Asset_Tracker/LoRaWAN/App/src/usbd_cdc_if.c:317:15:CDC_Receive_FS	16	static
