/home/nestorid/Downloads/en.fp-atr-lora1/STM32CubeFunctionPack_LORA1_V2.2.0/Projects/STEVAL-STRKT01/Applications/LoRa/Asset_Tracker/LoRaWAN/App/src/usbd_conf.c:351:13:PCD_ISOINIncompleteCallback	8	static
/home/nestorid/Downloads/en.fp-atr-lora1/STM32CubeFunctionPack_LORA1_V2.2.0/Projects/STEVAL-STRKT01/Applications/LoRa/Asset_Tracker/LoRaWAN/App/src/usbd_conf.c:336:13:PCD_ISOOUTIncompleteCallback	8	static
/home/nestorid/Downloads/en.fp-atr-lora1/STM32CubeFunctionPack_LORA1_V2.2.0/Projects/STEVAL-STRKT01/Applications/LoRa/Asset_Tracker/LoRaWAN/App/src/usbd_conf.c:236:13:PCD_DataInStageCallback	8	static
/home/nestorid/Downloads/en.fp-atr-lora1/STM32CubeFunctionPack_LORA1_V2.2.0/Projects/STEVAL-STRKT01/Applications/LoRa/Asset_Tracker/LoRaWAN/App/src/usbd_conf.c:221:13:PCD_DataOutStageCallback	8	static
/home/nestorid/Downloads/en.fp-atr-lora1/STM32CubeFunctionPack_LORA1_V2.2.0/Projects/STEVAL-STRKT01/Applications/LoRa/Asset_Tracker/LoRaWAN/App/src/usbd_conf.c:379:13:PCD_DisconnectCallback	8	static
/home/nestorid/Downloads/en.fp-atr-lora1/STM32CubeFunctionPack_LORA1_V2.2.0/Projects/STEVAL-STRKT01/Applications/LoRa/Asset_Tracker/LoRaWAN/App/src/usbd_conf.c:365:13:PCD_ConnectCallback	8	static
/home/nestorid/Downloads/en.fp-atr-lora1/STM32CubeFunctionPack_LORA1_V2.2.0/Projects/STEVAL-STRKT01/Applications/LoRa/Asset_Tracker/LoRaWAN/App/src/usbd_conf.c:313:13:PCD_ResumeCallback	8	static
/home/nestorid/Downloads/en.fp-atr-lora1/STM32CubeFunctionPack_LORA1_V2.2.0/Projects/STEVAL-STRKT01/Applications/LoRa/Asset_Tracker/LoRaWAN/App/src/usbd_conf.c:264:13:PCD_ResetCallback	16	static
/home/nestorid/Downloads/en.fp-atr-lora1/STM32CubeFunctionPack_LORA1_V2.2.0/Projects/STEVAL-STRKT01/Applications/LoRa/Asset_Tracker/LoRaWAN/App/src/usbd_conf.c:206:13:PCD_SetupStageCallback	8	static
/home/nestorid/Downloads/en.fp-atr-lora1/STM32CubeFunctionPack_LORA1_V2.2.0/Projects/STEVAL-STRKT01/Applications/LoRa/Asset_Tracker/LoRaWAN/App/src/usbd_conf.c:250:13:PCD_SOFCallback	8	static
/home/nestorid/Downloads/en.fp-atr-lora1/STM32CubeFunctionPack_LORA1_V2.2.0/Projects/STEVAL-STRKT01/Applications/LoRa/Asset_Tracker/LoRaWAN/App/src/usbd_conf.c:289:13:PCD_SuspendCallback	8	static
/home/nestorid/Downloads/en.fp-atr-lora1/STM32CubeFunctionPack_LORA1_V2.2.0/Projects/STEVAL-STRKT01/Applications/LoRa/Asset_Tracker/LoRaWAN/App/src/usbd_conf.c:157:6:HAL_PCD_MspInit	8	static
/home/nestorid/Downloads/en.fp-atr-lora1/STM32CubeFunctionPack_LORA1_V2.2.0/Projects/STEVAL-STRKT01/Applications/LoRa/Asset_Tracker/LoRaWAN/App/src/usbd_conf.c:181:6:HAL_PCD_MspDeInit	8	static
/home/nestorid/Downloads/en.fp-atr-lora1/STM32CubeFunctionPack_LORA1_V2.2.0/Projects/STEVAL-STRKT01/Applications/LoRa/Asset_Tracker/LoRaWAN/App/src/usbd_conf.c:396:20:USBD_LL_Init	16	static
/home/nestorid/Downloads/en.fp-atr-lora1/STM32CubeFunctionPack_LORA1_V2.2.0/Projects/STEVAL-STRKT01/Applications/LoRa/Asset_Tracker/LoRaWAN/App/src/usbd_conf.c:447:20:USBD_LL_DeInit	8	static
/home/nestorid/Downloads/en.fp-atr-lora1/STM32CubeFunctionPack_LORA1_V2.2.0/Projects/STEVAL-STRKT01/Applications/LoRa/Asset_Tracker/LoRaWAN/App/src/usbd_conf.c:464:20:USBD_LL_Start	8	static
/home/nestorid/Downloads/en.fp-atr-lora1/STM32CubeFunctionPack_LORA1_V2.2.0/Projects/STEVAL-STRKT01/Applications/LoRa/Asset_Tracker/LoRaWAN/App/src/usbd_conf.c:481:20:USBD_LL_Stop	8	static
/home/nestorid/Downloads/en.fp-atr-lora1/STM32CubeFunctionPack_LORA1_V2.2.0/Projects/STEVAL-STRKT01/Applications/LoRa/Asset_Tracker/LoRaWAN/App/src/usbd_conf.c:501:20:USBD_LL_OpenEP	8	static
/home/nestorid/Downloads/en.fp-atr-lora1/STM32CubeFunctionPack_LORA1_V2.2.0/Projects/STEVAL-STRKT01/Applications/LoRa/Asset_Tracker/LoRaWAN/App/src/usbd_conf.c:519:20:USBD_LL_CloseEP	8	static
/home/nestorid/Downloads/en.fp-atr-lora1/STM32CubeFunctionPack_LORA1_V2.2.0/Projects/STEVAL-STRKT01/Applications/LoRa/Asset_Tracker/LoRaWAN/App/src/usbd_conf.c:537:20:USBD_LL_FlushEP	8	static
/home/nestorid/Downloads/en.fp-atr-lora1/STM32CubeFunctionPack_LORA1_V2.2.0/Projects/STEVAL-STRKT01/Applications/LoRa/Asset_Tracker/LoRaWAN/App/src/usbd_conf.c:555:20:USBD_LL_StallEP	8	static
/home/nestorid/Downloads/en.fp-atr-lora1/STM32CubeFunctionPack_LORA1_V2.2.0/Projects/STEVAL-STRKT01/Applications/LoRa/Asset_Tracker/LoRaWAN/App/src/usbd_conf.c:573:20:USBD_LL_ClearStallEP	8	static
/home/nestorid/Downloads/en.fp-atr-lora1/STM32CubeFunctionPack_LORA1_V2.2.0/Projects/STEVAL-STRKT01/Applications/LoRa/Asset_Tracker/LoRaWAN/App/src/usbd_conf.c:591:9:USBD_LL_IsStallEP	0	static
/home/nestorid/Downloads/en.fp-atr-lora1/STM32CubeFunctionPack_LORA1_V2.2.0/Projects/STEVAL-STRKT01/Applications/LoRa/Asset_Tracker/LoRaWAN/App/src/usbd_conf.c:611:20:USBD_LL_SetUSBAddress	8	static
/home/nestorid/Downloads/en.fp-atr-lora1/STM32CubeFunctionPack_LORA1_V2.2.0/Projects/STEVAL-STRKT01/Applications/LoRa/Asset_Tracker/LoRaWAN/App/src/usbd_conf.c:631:20:USBD_LL_Transmit	8	static
/home/nestorid/Downloads/en.fp-atr-lora1/STM32CubeFunctionPack_LORA1_V2.2.0/Projects/STEVAL-STRKT01/Applications/LoRa/Asset_Tracker/LoRaWAN/App/src/usbd_conf.c:651:20:USBD_LL_PrepareReceive	8	static
/home/nestorid/Downloads/en.fp-atr-lora1/STM32CubeFunctionPack_LORA1_V2.2.0/Projects/STEVAL-STRKT01/Applications/LoRa/Asset_Tracker/LoRaWAN/App/src/usbd_conf.c:669:10:USBD_LL_GetRxDataSize	8	static
/home/nestorid/Downloads/en.fp-atr-lora1/STM32CubeFunctionPack_LORA1_V2.2.0/Projects/STEVAL-STRKT01/Applications/LoRa/Asset_Tracker/LoRaWAN/App/src/usbd_conf.c:679:6:USBD_LL_Delay	8	static
/home/nestorid/Downloads/en.fp-atr-lora1/STM32CubeFunctionPack_LORA1_V2.2.0/Projects/STEVAL-STRKT01/Applications/LoRa/Asset_Tracker/LoRaWAN/App/src/usbd_conf.c:701:7:USBD_static_malloc	0	static
/home/nestorid/Downloads/en.fp-atr-lora1/STM32CubeFunctionPack_LORA1_V2.2.0/Projects/STEVAL-STRKT01/Applications/LoRa/Asset_Tracker/LoRaWAN/App/src/usbd_conf.c:712:6:USBD_static_free	0	static
