/home/nestorid/Downloads/en.fp-atr-lora1/STM32CubeFunctionPack_LORA1_V2.2.0/Middlewares/ST/STM32_USB_Device_Library/Class/CDC/Src/usbd_cdc.c:733:17:USBD_CDC_EP0_RxReady	16	static
/home/nestorid/Downloads/en.fp-atr-lora1/STM32CubeFunctionPack_LORA1_V2.2.0/Middlewares/ST/STM32_USB_Device_Library/Class/CDC/Src/usbd_cdc.c:755:18:USBD_CDC_GetFSCfgDesc	0	static
/home/nestorid/Downloads/en.fp-atr-lora1/STM32CubeFunctionPack_LORA1_V2.2.0/Middlewares/ST/STM32_USB_Device_Library/Class/CDC/Src/usbd_cdc.c:768:18:USBD_CDC_GetHSCfgDesc	0	static
/home/nestorid/Downloads/en.fp-atr-lora1/STM32CubeFunctionPack_LORA1_V2.2.0/Middlewares/ST/STM32_USB_Device_Library/Class/CDC/Src/usbd_cdc.c:781:18:USBD_CDC_GetOtherSpeedCfgDesc	0	static
/home/nestorid/Downloads/en.fp-atr-lora1/STM32CubeFunctionPack_LORA1_V2.2.0/Middlewares/ST/STM32_USB_Device_Library/Class/CDC/Src/usbd_cdc.c:793:11:USBD_CDC_GetDeviceQualifierDescriptor	0	static
/home/nestorid/Downloads/en.fp-atr-lora1/STM32CubeFunctionPack_LORA1_V2.2.0/Middlewares/ST/STM32_USB_Device_Library/Class/CDC/Src/usbd_cdc.c:706:17:USBD_CDC_DataOut	16	static
/home/nestorid/Downloads/en.fp-atr-lora1/STM32CubeFunctionPack_LORA1_V2.2.0/Middlewares/ST/STM32_USB_Device_Library/Class/CDC/Src/usbd_cdc.c:672:17:USBD_CDC_DataIn	24	static
/home/nestorid/Downloads/en.fp-atr-lora1/STM32CubeFunctionPack_LORA1_V2.2.0/Middlewares/ST/STM32_USB_Device_Library/Class/CDC/Src/usbd_cdc.c:578:17:USBD_CDC_Setup	32	static
/home/nestorid/Downloads/en.fp-atr-lora1/STM32CubeFunctionPack_LORA1_V2.2.0/Middlewares/ST/STM32_USB_Device_Library/Class/CDC/Src/usbd_cdc.c:544:17:USBD_CDC_DeInit	16	static
/home/nestorid/Downloads/en.fp-atr-lora1/STM32CubeFunctionPack_LORA1_V2.2.0/Middlewares/ST/STM32_USB_Device_Library/Class/CDC/Src/usbd_cdc.c:466:17:USBD_CDC_Init	16	static
/home/nestorid/Downloads/en.fp-atr-lora1/STM32CubeFunctionPack_LORA1_V2.2.0/Middlewares/ST/STM32_USB_Device_Library/Class/CDC/Src/usbd_cdc.c:805:10:USBD_CDC_RegisterInterface	0	static
/home/nestorid/Downloads/en.fp-atr-lora1/STM32CubeFunctionPack_LORA1_V2.2.0/Middlewares/ST/STM32_USB_Device_Library/Class/CDC/Src/usbd_cdc.c:825:10:USBD_CDC_SetTxBuffer	0	static
/home/nestorid/Downloads/en.fp-atr-lora1/STM32CubeFunctionPack_LORA1_V2.2.0/Middlewares/ST/STM32_USB_Device_Library/Class/CDC/Src/usbd_cdc.c:844:10:USBD_CDC_SetRxBuffer	0	static
/home/nestorid/Downloads/en.fp-atr-lora1/STM32CubeFunctionPack_LORA1_V2.2.0/Middlewares/ST/STM32_USB_Device_Library/Class/CDC/Src/usbd_cdc.c:860:10:USBD_CDC_TransmitPacket	8	static
/home/nestorid/Downloads/en.fp-atr-lora1/STM32CubeFunctionPack_LORA1_V2.2.0/Middlewares/ST/STM32_USB_Device_Library/Class/CDC/Src/usbd_cdc.c:898:10:USBD_CDC_ReceivePacket	8	static
