/home/nestorid/Downloads/en.fp-atr-lora1/STM32CubeFunctionPack_LORA1_V2.2.0/Middlewares/ST/STM32_USB_Device_Library/Core/Src/usbd_ctlreq.c:111:21:USBD_StdDevReq	24	static
/home/nestorid/Downloads/en.fp-atr-lora1/STM32CubeFunctionPack_LORA1_V2.2.0/Middlewares/ST/STM32_USB_Device_Library/Core/Src/usbd_ctlreq.c:177:21:USBD_StdItfReq	16	static
/home/nestorid/Downloads/en.fp-atr-lora1/STM32CubeFunctionPack_LORA1_V2.2.0/Middlewares/ST/STM32_USB_Device_Library/Core/Src/usbd_ctlreq.c:228:21:USBD_StdEPReq	16	static
/home/nestorid/Downloads/en.fp-atr-lora1/STM32CubeFunctionPack_LORA1_V2.2.0/Middlewares/ST/STM32_USB_Device_Library/Core/Src/usbd_ctlreq.c:764:6:USBD_ParseSetupRequest	0	static
/home/nestorid/Downloads/en.fp-atr-lora1/STM32CubeFunctionPack_LORA1_V2.2.0/Middlewares/ST/STM32_USB_Device_Library/Core/Src/usbd_ctlreq.c:782:6:USBD_CtlError	8	static
/home/nestorid/Downloads/en.fp-atr-lora1/STM32CubeFunctionPack_LORA1_V2.2.0/Middlewares/ST/STM32_USB_Device_Library/Core/Src/usbd_ctlreq.c:798:6:USBD_GetString	16	static
