../Core/Src/main.c:131:6:HAL_GPIO_EXTI_Callback	72	static,ignoring_inline_asm
../Core/Src/main.c:174:9:i2c_readRegisterByte	48	static
../Core/Src/main.c:180:9:i2c_writeRegisterByte	48	static
../Core/Src/main.c:186:6:ADPD188BI_StartSampling	8	static
../Core/Src/main.c:231:5:iot_tracker_communication	32	static
../Core/Src/main.c:267:5:main	8	static
../Core/Src/main.c:349:6:SystemClock_Config	136	static
../Core/Src/main.c:400:13:MX_ADC_Init	16	static
../Core/Src/main.c:464:13:MX_DAC_Init	16	static
../Core/Src/main.c:504:13:MX_SPI1_Init	8	static
../Core/Src/main.c:542:13:MX_TIM6_Init	16	static
../Core/Src/main.c:580:13:MX_USART2_UART_Init	8	static
../Core/Src/main.c:615:13:MX_GPIO_Init	56	static
../Core/Src/main.c:666:1:__io_putchar	16	static
../Core/Src/main.c:686:6:CommandTask	80	static,ignoring_inline_asm
../Core/Src/main.c:730:6:SendDataTask	88	static
../Core/Src/main.c:777:6:DataCollectionTask	120	static,ignoring_inline_asm
../Core/Src/main.c:899:6:Error_Handler	64	static,ignoring_inline_asm
../Core/Src/main.c:916:13:MX_I2C2_Init	8	static
