../Core/Src/stm32l0xx_hal_msp.c:63:6:HAL_MspInit	8	static
../Core/Src/stm32l0xx_hal_msp.c:87:6:HAL_ADC_MspInit	48	static
../Core/Src/stm32l0xx_hal_msp.c:121:6:HAL_ADC_MspDeInit	16	static
../Core/Src/stm32l0xx_hal_msp.c:150:6:HAL_DAC_MspInit	48	static
../Core/Src/stm32l0xx_hal_msp.c:183:6:HAL_DAC_MspDeInit	16	static
../Core/Src/stm32l0xx_hal_msp.c:211:6:HAL_I2C_MspInit	48	static
../Core/Src/stm32l0xx_hal_msp.c:247:6:HAL_I2C_MspDeInit	16	static
../Core/Src/stm32l0xx_hal_msp.c:278:6:HAL_SPI_MspInit	56	static
../Core/Src/stm32l0xx_hal_msp.c:324:6:HAL_SPI_MspDeInit	16	static
../Core/Src/stm32l0xx_hal_msp.c:357:6:HAL_TIM_Base_MspInit	16	static
../Core/Src/stm32l0xx_hal_msp.c:379:6:HAL_TIM_Base_MspDeInit	16	static
../Core/Src/stm32l0xx_hal_msp.c:401:6:HAL_UART_MspInit	48	static
../Core/Src/stm32l0xx_hal_msp.c:437:6:HAL_UART_MspDeInit	16	static
