/home/nestorid/Downloads/en.fp-atr-lora1/STM32CubeFunctionPack_LORA1_V2.2.0/Drivers/BSP/LoRaTracker/LoRaTracker_motion_sensors_ex.c:83:9:BSP_LORA_TRACKER_MOTION_SENSOR_Enable_6D_Orientation	8	static
/home/nestorid/Downloads/en.fp-atr-lora1/STM32CubeFunctionPack_LORA1_V2.2.0/Drivers/BSP/LoRaTracker/LoRaTracker_motion_sensors_ex.c:140:9:BSP_LORA_TRACKER_MOTION_SENSOR_Disable_6D_Orientation	8	static
/home/nestorid/Downloads/en.fp-atr-lora1/STM32CubeFunctionPack_LORA1_V2.2.0/Drivers/BSP/LoRaTracker/LoRaTracker_motion_sensors_ex.c:198:9:BSP_LORA_TRACKER_MOTION_SENSOR_Set_6D_Orientation_Threshold	8	static
/home/nestorid/Downloads/en.fp-atr-lora1/STM32CubeFunctionPack_LORA1_V2.2.0/Drivers/BSP/LoRaTracker/LoRaTracker_motion_sensors_ex.c:258:9:BSP_LORA_TRACKER_MOTION_SENSOR_Enable_Tilt_Detection	0	static
/home/nestorid/Downloads/en.fp-atr-lora1/STM32CubeFunctionPack_LORA1_V2.2.0/Drivers/BSP/LoRaTracker/LoRaTracker_motion_sensors_ex.c:308:9:BSP_LORA_TRACKER_MOTION_SENSOR_Disable_Tilt_Detection	0	static
/home/nestorid/Downloads/en.fp-atr-lora1/STM32CubeFunctionPack_LORA1_V2.2.0/Drivers/BSP/LoRaTracker/LoRaTracker_motion_sensors_ex.c:360:9:BSP_LORA_TRACKER_MOTION_SENSOR_Enable_Wake_Up_Detection	8	static
/home/nestorid/Downloads/en.fp-atr-lora1/STM32CubeFunctionPack_LORA1_V2.2.0/Drivers/BSP/LoRaTracker/LoRaTracker_motion_sensors_ex.c:417:9:BSP_LORA_TRACKER_MOTION_SENSOR_Disable_Wake_Up_Detection	8	static
/home/nestorid/Downloads/en.fp-atr-lora1/STM32CubeFunctionPack_LORA1_V2.2.0/Drivers/BSP/LoRaTracker/LoRaTracker_motion_sensors_ex.c:475:9:BSP_LORA_TRACKER_MOTION_SENSOR_Set_Wake_Up_Threshold	8	static
/home/nestorid/Downloads/en.fp-atr-lora1/STM32CubeFunctionPack_LORA1_V2.2.0/Drivers/BSP/LoRaTracker/LoRaTracker_motion_sensors_ex.c:533:9:BSP_LORA_TRACKER_MOTION_SENSOR_Set_Wake_Up_Duration	8	static
/home/nestorid/Downloads/en.fp-atr-lora1/STM32CubeFunctionPack_LORA1_V2.2.0/Drivers/BSP/LoRaTracker/LoRaTracker_motion_sensors_ex.c:593:9:BSP_LORA_TRACKER_MOTION_SENSOR_Enable_Inactivity_Detection	8	static
/home/nestorid/Downloads/en.fp-atr-lora1/STM32CubeFunctionPack_LORA1_V2.2.0/Drivers/BSP/LoRaTracker/LoRaTracker_motion_sensors_ex.c:625:9:BSP_LORA_TRACKER_MOTION_SENSOR_Disable_Inactivity_Detection	0	static
/home/nestorid/Downloads/en.fp-atr-lora1/STM32CubeFunctionPack_LORA1_V2.2.0/Drivers/BSP/LoRaTracker/LoRaTracker_motion_sensors_ex.c:659:9:BSP_LORA_TRACKER_MOTION_SENSOR_Set_Sleep_Duration	8	static
/home/nestorid/Downloads/en.fp-atr-lora1/STM32CubeFunctionPack_LORA1_V2.2.0/Drivers/BSP/LoRaTracker/LoRaTracker_motion_sensors_ex.c:692:9:BSP_LORA_TRACKER_MOTION_SENSOR_Enable_Interrupt_Latch	8	static
/home/nestorid/Downloads/en.fp-atr-lora1/STM32CubeFunctionPack_LORA1_V2.2.0/Drivers/BSP/LoRaTracker/LoRaTracker_motion_sensors_ex.c:725:9:BSP_LORA_TRACKER_MOTION_SENSOR_Interrupt_Polarity_High	8	static
/home/nestorid/Downloads/en.fp-atr-lora1/STM32CubeFunctionPack_LORA1_V2.2.0/Drivers/BSP/LoRaTracker/LoRaTracker_motion_sensors_ex.c:758:9:BSP_LORA_TRACKER_MOTION_SENSOR_Interrupt_Polarity_Low	8	static
/home/nestorid/Downloads/en.fp-atr-lora1/STM32CubeFunctionPack_LORA1_V2.2.0/Drivers/BSP/LoRaTracker/LoRaTracker_motion_sensors_ex.c:793:9:BSP_LORA_TRACKER_MOTION_SENSOR_Interrupt_Pin_Mode_PP	8	static
/home/nestorid/Downloads/en.fp-atr-lora1/STM32CubeFunctionPack_LORA1_V2.2.0/Drivers/BSP/LoRaTracker/LoRaTracker_motion_sensors_ex.c:826:9:BSP_LORA_TRACKER_MOTION_SENSOR_Interrupt_Pin_Mode_OD	8	static
/home/nestorid/Downloads/en.fp-atr-lora1/STM32CubeFunctionPack_LORA1_V2.2.0/Drivers/BSP/LoRaTracker/LoRaTracker_motion_sensors_ex.c:862:9:BSP_LORA_TRACKER_MOTION_SENSOR_Get_Event_Status	8	static
/home/nestorid/Downloads/en.fp-atr-lora1/STM32CubeFunctionPack_LORA1_V2.2.0/Drivers/BSP/LoRaTracker/LoRaTracker_motion_sensors_ex.c:926:9:BSP_LORA_TRACKER_MOTION_SENSOR_Get_DRDY_Status	8	static
/home/nestorid/Downloads/en.fp-atr-lora1/STM32CubeFunctionPack_LORA1_V2.2.0/Drivers/BSP/LoRaTracker/LoRaTracker_motion_sensors_ex.c:1023:9:BSP_LORA_TRACKER_MOTION_SENSOR_Get_6D_Orientation_XL	8	static
/home/nestorid/Downloads/en.fp-atr-lora1/STM32CubeFunctionPack_LORA1_V2.2.0/Drivers/BSP/LoRaTracker/LoRaTracker_motion_sensors_ex.c:1081:9:BSP_LORA_TRACKER_MOTION_SENSOR_Get_6D_Orientation_XH	8	static
/home/nestorid/Downloads/en.fp-atr-lora1/STM32CubeFunctionPack_LORA1_V2.2.0/Drivers/BSP/LoRaTracker/LoRaTracker_motion_sensors_ex.c:1139:9:BSP_LORA_TRACKER_MOTION_SENSOR_Get_6D_Orientation_YL	8	static
/home/nestorid/Downloads/en.fp-atr-lora1/STM32CubeFunctionPack_LORA1_V2.2.0/Drivers/BSP/LoRaTracker/LoRaTracker_motion_sensors_ex.c:1197:9:BSP_LORA_TRACKER_MOTION_SENSOR_Get_6D_Orientation_YH	8	static
/home/nestorid/Downloads/en.fp-atr-lora1/STM32CubeFunctionPack_LORA1_V2.2.0/Drivers/BSP/LoRaTracker/LoRaTracker_motion_sensors_ex.c:1255:9:BSP_LORA_TRACKER_MOTION_SENSOR_Get_6D_Orientation_ZL	8	static
/home/nestorid/Downloads/en.fp-atr-lora1/STM32CubeFunctionPack_LORA1_V2.2.0/Drivers/BSP/LoRaTracker/LoRaTracker_motion_sensors_ex.c:1313:9:BSP_LORA_TRACKER_MOTION_SENSOR_Get_6D_Orientation_ZH	8	static
/home/nestorid/Downloads/en.fp-atr-lora1/STM32CubeFunctionPack_LORA1_V2.2.0/Drivers/BSP/LoRaTracker/LoRaTracker_motion_sensors_ex.c:1371:9:BSP_LORA_TRACKER_MOTION_SENSOR_Get_Step_Count	0	static
/home/nestorid/Downloads/en.fp-atr-lora1/STM32CubeFunctionPack_LORA1_V2.2.0/Drivers/BSP/LoRaTracker/LoRaTracker_motion_sensors_ex.c:1423:9:BSP_LORA_TRACKER_MOTION_SENSOR_Read_Register	8	static
/home/nestorid/Downloads/en.fp-atr-lora1/STM32CubeFunctionPack_LORA1_V2.2.0/Drivers/BSP/LoRaTracker/LoRaTracker_motion_sensors_ex.c:1496:9:BSP_LORA_TRACKER_MOTION_SENSOR_Write_Register	8	static
/home/nestorid/Downloads/en.fp-atr-lora1/STM32CubeFunctionPack_LORA1_V2.2.0/Drivers/BSP/LoRaTracker/LoRaTracker_motion_sensors_ex.c:1568:9:BSP_LORA_TRACKER_MOTION_SENSOR_FIFO_Get_Num_Samples	8	static
/home/nestorid/Downloads/en.fp-atr-lora1/STM32CubeFunctionPack_LORA1_V2.2.0/Drivers/BSP/LoRaTracker/LoRaTracker_motion_sensors_ex.c:1627:9:BSP_LORA_TRACKER_MOTION_SENSOR_FIFO_Set_Mode	8	static
