/home/nestorid/Downloads/en.fp-atr-lora1/STM32CubeFunctionPack_LORA1_V2.2.0/Drivers/BSP/LoRaTracker/LoRaTracker_batterycharger.c:133:6:BC_ChgPinFreqGet	8	static
/home/nestorid/Downloads/en.fp-atr-lora1/STM32CubeFunctionPack_LORA1_V2.2.0/Drivers/BSP/LoRaTracker/LoRaTracker_batterycharger.c:148:6:BC_ChgPinFreq2ChgSts	32	static
/home/nestorid/Downloads/en.fp-atr-lora1/STM32CubeFunctionPack_LORA1_V2.2.0/Drivers/BSP/LoRaTracker/LoRaTracker_batterycharger.c:173:6:BC_TIMx_Init	16	static
/home/nestorid/Downloads/en.fp-atr-lora1/STM32CubeFunctionPack_LORA1_V2.2.0/Drivers/BSP/LoRaTracker/LoRaTracker_batterycharger.c:221:6:BSP_BC_InitCommon	8	static
/home/nestorid/Downloads/en.fp-atr-lora1/STM32CubeFunctionPack_LORA1_V2.2.0/Drivers/BSP/LoRaTracker/LoRaTracker_batterycharger.c:234:6:BC_IO_CHG_Init	32	static
/home/nestorid/Downloads/en.fp-atr-lora1/STM32CubeFunctionPack_LORA1_V2.2.0/Drivers/BSP/LoRaTracker/LoRaTracker_batterycharger.c:255:6:BC_IO_CHG_DeInit	32	static
/home/nestorid/Downloads/en.fp-atr-lora1/STM32CubeFunctionPack_LORA1_V2.2.0/Drivers/BSP/LoRaTracker/LoRaTracker_batterycharger.c:272:6:BC_IO_SW_SEL_Init	32	static
/home/nestorid/Downloads/en.fp-atr-lora1/STM32CubeFunctionPack_LORA1_V2.2.0/Drivers/BSP/LoRaTracker/LoRaTracker_batterycharger.c:122:6:BC_IO_Init	8	static
/home/nestorid/Downloads/en.fp-atr-lora1/STM32CubeFunctionPack_LORA1_V2.2.0/Drivers/BSP/LoRaTracker/LoRaTracker_batterycharger.c:209:6:BSP_BC_Init	8	static
/home/nestorid/Downloads/en.fp-atr-lora1/STM32CubeFunctionPack_LORA1_V2.2.0/Drivers/BSP/LoRaTracker/LoRaTracker_batterycharger.c:293:9:BSP_BC_CmdSend	24	static
/home/nestorid/Downloads/en.fp-atr-lora1/STM32CubeFunctionPack_LORA1_V2.2.0/Drivers/BSP/LoRaTracker/LoRaTracker_batterycharger.c:322:6:BSP_BC_CmdMng	8	static,ignoring_inline_asm
/home/nestorid/Downloads/en.fp-atr-lora1/STM32CubeFunctionPack_LORA1_V2.2.0/Drivers/BSP/LoRaTracker/LoRaTracker_batterycharger.c:395:6:BSP_BC_ChgPinHasToggled	8	static
/home/nestorid/Downloads/en.fp-atr-lora1/STM32CubeFunctionPack_LORA1_V2.2.0/Drivers/BSP/LoRaTracker/LoRaTracker_batterycharger.c:407:9:BSP_BC_IsChgPinToggling	16	static
/home/nestorid/Downloads/en.fp-atr-lora1/STM32CubeFunctionPack_LORA1_V2.2.0/Drivers/BSP/LoRaTracker/LoRaTracker_batterycharger.c:433:6:BSP_BC_GetState	16	static
/home/nestorid/Downloads/en.fp-atr-lora1/STM32CubeFunctionPack_LORA1_V2.2.0/Drivers/BSP/LoRaTracker/LoRaTracker_batterycharger.c:458:6:HAL_TIM_Base_MspInit	8	static
/home/nestorid/Downloads/en.fp-atr-lora1/STM32CubeFunctionPack_LORA1_V2.2.0/Drivers/BSP/LoRaTracker/LoRaTracker_batterycharger.c:477:6:HAL_TIM_Base_MspDeInit	8	static
/home/nestorid/Downloads/en.fp-atr-lora1/STM32CubeFunctionPack_LORA1_V2.2.0/Drivers/BSP/LoRaTracker/LoRaTracker_batterycharger.c:504:6:HAL_TIM_PeriodElapsedCallback	8	static
/home/nestorid/Downloads/en.fp-atr-lora1/STM32CubeFunctionPack_LORA1_V2.2.0/Drivers/BSP/LoRaTracker/LoRaTracker_batterycharger.c:545:6:TIM22_IRQHandler	8	static
