/home/nestorid/Downloads/en.fp-atr-lora1/STM32CubeFunctionPack_LORA1_V2.2.0/Drivers/STM32L0xx_HAL_Driver/Src/stm32l0xx_hal_rtc.c:672:13:HAL_RTC_MspInit	0	static
/home/nestorid/Downloads/en.fp-atr-lora1/STM32CubeFunctionPack_LORA1_V2.2.0/Drivers/STM32L0xx_HAL_Driver/Src/stm32l0xx_hal_rtc.c:224:19:HAL_RTC_Init	24	static
/home/nestorid/Downloads/en.fp-atr-lora1/STM32CubeFunctionPack_LORA1_V2.2.0/Drivers/STM32L0xx_HAL_Driver/Src/stm32l0xx_hal_rtc.c:687:13:HAL_RTC_MspDeInit	0	static
/home/nestorid/Downloads/en.fp-atr-lora1/STM32CubeFunctionPack_LORA1_V2.2.0/Drivers/STM32L0xx_HAL_Driver/Src/stm32l0xx_hal_rtc.c:350:19:HAL_RTC_DeInit	24	static
/home/nestorid/Downloads/en.fp-atr-lora1/STM32CubeFunctionPack_LORA1_V2.2.0/Drivers/STM32L0xx_HAL_Driver/Src/stm32l0xx_hal_rtc.c:725:19:HAL_RTC_SetTime	40	static
/home/nestorid/Downloads/en.fp-atr-lora1/STM32CubeFunctionPack_LORA1_V2.2.0/Drivers/STM32L0xx_HAL_Driver/Src/stm32l0xx_hal_rtc.c:859:19:HAL_RTC_GetTime	16	static
/home/nestorid/Downloads/en.fp-atr-lora1/STM32CubeFunctionPack_LORA1_V2.2.0/Drivers/STM32L0xx_HAL_Driver/Src/stm32l0xx_hal_rtc.c:903:19:HAL_RTC_SetDate	32	static
/home/nestorid/Downloads/en.fp-atr-lora1/STM32CubeFunctionPack_LORA1_V2.2.0/Drivers/STM32L0xx_HAL_Driver/Src/stm32l0xx_hal_rtc.c:1012:19:HAL_RTC_GetDate	20	static
/home/nestorid/Downloads/en.fp-atr-lora1/STM32CubeFunctionPack_LORA1_V2.2.0/Drivers/STM32L0xx_HAL_Driver/Src/stm32l0xx_hal_rtc.c:1066:19:HAL_RTC_SetAlarm	32	static
/home/nestorid/Downloads/en.fp-atr-lora1/STM32CubeFunctionPack_LORA1_V2.2.0/Drivers/STM32L0xx_HAL_Driver/Src/stm32l0xx_hal_rtc.c:1247:19:HAL_RTC_SetAlarm_IT	32	static
/home/nestorid/Downloads/en.fp-atr-lora1/STM32CubeFunctionPack_LORA1_V2.2.0/Drivers/STM32L0xx_HAL_Driver/Src/stm32l0xx_hal_rtc.c:1429:19:HAL_RTC_DeactivateAlarm	24	static
/home/nestorid/Downloads/en.fp-atr-lora1/STM32CubeFunctionPack_LORA1_V2.2.0/Drivers/STM32L0xx_HAL_Driver/Src/stm32l0xx_hal_rtc.c:1523:19:HAL_RTC_GetAlarm	20	static
/home/nestorid/Downloads/en.fp-atr-lora1/STM32CubeFunctionPack_LORA1_V2.2.0/Drivers/STM32L0xx_HAL_Driver/Src/stm32l0xx_hal_rtc.c:1632:13:HAL_RTC_AlarmAEventCallback	0	static
/home/nestorid/Downloads/en.fp-atr-lora1/STM32CubeFunctionPack_LORA1_V2.2.0/Drivers/STM32L0xx_HAL_Driver/Src/stm32l0xx_hal_rtc.c:1583:6:HAL_RTC_AlarmIRQHandler	8	static
/home/nestorid/Downloads/en.fp-atr-lora1/STM32CubeFunctionPack_LORA1_V2.2.0/Drivers/STM32L0xx_HAL_Driver/Src/stm32l0xx_hal_rtc.c:1648:19:HAL_RTC_PollForAlarmAEvent	24	static
/home/nestorid/Downloads/en.fp-atr-lora1/STM32CubeFunctionPack_LORA1_V2.2.0/Drivers/STM32L0xx_HAL_Driver/Src/stm32l0xx_hal_rtc.c:1707:19:HAL_RTC_WaitForSynchro	24	static
/home/nestorid/Downloads/en.fp-atr-lora1/STM32CubeFunctionPack_LORA1_V2.2.0/Drivers/STM32L0xx_HAL_Driver/Src/stm32l0xx_hal_rtc.c:1751:21:HAL_RTC_GetState	0	static
/home/nestorid/Downloads/en.fp-atr-lora1/STM32CubeFunctionPack_LORA1_V2.2.0/Drivers/STM32L0xx_HAL_Driver/Src/stm32l0xx_hal_rtc.c:1774:19:RTC_EnterInitMode	24	static
/home/nestorid/Downloads/en.fp-atr-lora1/STM32CubeFunctionPack_LORA1_V2.2.0/Drivers/STM32L0xx_HAL_Driver/Src/stm32l0xx_hal_rtc.c:1804:9:RTC_ByteToBcd2	0	static
/home/nestorid/Downloads/en.fp-atr-lora1/STM32CubeFunctionPack_LORA1_V2.2.0/Drivers/STM32L0xx_HAL_Driver/Src/stm32l0xx_hal_rtc.c:1823:9:RTC_Bcd2ToByte	0	static
