/home/nestorid/Downloads/en.fp-atr-lora1/STM32CubeFunctionPack_LORA1_V2.2.0/Drivers/STM32L0xx_HAL_Driver/Src/stm32l0xx_hal_dma.c:139:19:HAL_DMA_Init	16	static
/home/nestorid/Downloads/en.fp-atr-lora1/STM32CubeFunctionPack_LORA1_V2.2.0/Drivers/STM32L0xx_HAL_Driver/Src/stm32l0xx_hal_dma.c:214:19:HAL_DMA_DeInit	16	static
/home/nestorid/Downloads/en.fp-atr-lora1/STM32CubeFunctionPack_LORA1_V2.2.0/Drivers/STM32L0xx_HAL_Driver/Src/stm32l0xx_hal_dma.c:294:19:HAL_DMA_Start	32	static
/home/nestorid/Downloads/en.fp-atr-lora1/STM32CubeFunctionPack_LORA1_V2.2.0/Drivers/STM32L0xx_HAL_Driver/Src/stm32l0xx_hal_dma.c:337:19:HAL_DMA_Start_IT	32	static
/home/nestorid/Downloads/en.fp-atr-lora1/STM32CubeFunctionPack_LORA1_V2.2.0/Drivers/STM32L0xx_HAL_Driver/Src/stm32l0xx_hal_dma.c:392:19:HAL_DMA_Abort	12	static
/home/nestorid/Downloads/en.fp-atr-lora1/STM32CubeFunctionPack_LORA1_V2.2.0/Drivers/STM32L0xx_HAL_Driver/Src/stm32l0xx_hal_dma.c:433:19:HAL_DMA_Abort_IT	16	static
/home/nestorid/Downloads/en.fp-atr-lora1/STM32CubeFunctionPack_LORA1_V2.2.0/Drivers/STM32L0xx_HAL_Driver/Src/stm32l0xx_hal_dma.c:478:19:HAL_DMA_PollForTransfer	32	static
/home/nestorid/Downloads/en.fp-atr-lora1/STM32CubeFunctionPack_LORA1_V2.2.0/Drivers/STM32L0xx_HAL_Driver/Src/stm32l0xx_hal_dma.c:579:6:HAL_DMA_IRQHandler	24	static
/home/nestorid/Downloads/en.fp-atr-lora1/STM32CubeFunctionPack_LORA1_V2.2.0/Drivers/STM32L0xx_HAL_Driver/Src/stm32l0xx_hal_dma.c:673:19:HAL_DMA_RegisterCallback	8	static
/home/nestorid/Downloads/en.fp-atr-lora1/STM32CubeFunctionPack_LORA1_V2.2.0/Drivers/STM32L0xx_HAL_Driver/Src/stm32l0xx_hal_dma.c:724:19:HAL_DMA_UnRegisterCallback	0	static
/home/nestorid/Downloads/en.fp-atr-lora1/STM32CubeFunctionPack_LORA1_V2.2.0/Drivers/STM32L0xx_HAL_Driver/Src/stm32l0xx_hal_dma.c:802:22:HAL_DMA_GetState	0	static
/home/nestorid/Downloads/en.fp-atr-lora1/STM32CubeFunctionPack_LORA1_V2.2.0/Drivers/STM32L0xx_HAL_Driver/Src/stm32l0xx_hal_dma.c:814:10:HAL_DMA_GetError	0	static
